\BOOKMARK [1][-]{section.1}{\376\377\000L\000a\000\040\000p\000r\000e\000g\000u\000n\000t\000a\000\040\000c\000e\000n\000t\000r\000a\000l\000\040\000y\000\040\000l\000a\000\040\000r\000e\000s\000p\000u\000e\000s\000t\000a\000\040\000o\000b\000t\000e\000n\000i\000d\000a}{}% 1
\BOOKMARK [1][-]{section.2}{\376\377\000M\000o\000d\000e\000l\000o\000\040\000f\000\355\000s\000i\000c\000o\000\040\000v\000i\000g\000e\000n\000t\000e}{}% 2
\BOOKMARK [2][-]{subsection.2.1}{\376\377\000F\000O\000V\000,\000\040\000s\000e\000m\000i\000\341\000n\000g\000u\000l\000o\000\040\000L\000E\000D\000\040\000y\000\040\000o\000r\000d\000e\000n\000\040\000r\000e\000c\000e\000p\000t\000o\000r}{section.2}% 3
\BOOKMARK [1][-]{section.3}{\376\377\000E\000l\000e\000g\000i\000r\000\040\000u\000n\000a\000\040\000r\000a\000m\000a\000:\000\040\000c\000o\000s\000e\000n\000o\000\040\000g\000e\000n\000e\000r\000a\000l\000\040\000o\000\040\000m\000o\000d\000e\000l\000o\000\040\000d\000e\000l\000\040\000a\000r\000t\000\355\000c\000u\000l\000o}{}% 4
\BOOKMARK [1][-]{section.4}{\376\377\000Q\000u\000\351\000\040\000s\000i\000g\000n\000i\000f\000i\000c\000a\000\040\000l\000a\000\040\000c\000o\000t\000a\000\040\000y\000\040\000q\000u\000\351\000\040\000s\000i\000g\000n\000i\000f\000i\000c\000a\000\040\000c\000o\000b\000e\000r\000t\000u\000r\000a}{}% 5
\BOOKMARK [2][-]{subsection.4.1}{\376\377\000N\000u\000e\000v\000o\000\040\000c\000o\000n\000t\000r\000o\000l\000\040\000d\000e\000\040\000c\000o\000b\000e\000r\000t\000u\000r\000a\000\040\000e\000n\000\040\000c\000e\000n\000t\000\355\000m\000e\000t\000r\000o\000s}{section.4}% 6
\BOOKMARK [1][-]{section.5}{\376\377\000M\000a\000p\000a\000\040\000d\000e\000l\000\040\000p\000r\000o\000y\000e\000c\000t\000o}{}% 7
\BOOKMARK [1][-]{section.6}{\376\377\000Q\000u\000\351\000\040\000e\000x\000p\000e\000r\000i\000m\000e\000n\000t\000o\000\040\000r\000e\000s\000p\000o\000n\000d\000e\000\040\000a\000\040\000c\000a\000d\000a\000\040\000p\000r\000e\000g\000u\000n\000t\000a}{}% 8
\BOOKMARK [1][-]{section.7}{\376\377\000P\000r\000e\000g\000u\000n\000t\000a\000s\000\040\000q\000u\000e\000\040\000y\000a\000\040\000t\000i\000e\000n\000e\000n\000\040\000r\000e\000s\000p\000u\000e\000s\000t\000a}{}% 9
\BOOKMARK [2][-]{subsection.7.1}{\376\377\000\277\000A\000u\000m\000e\000n\000t\000a\000r\000\040\000K\000\040\000s\000i\000e\000m\000p\000r\000e\000\040\000m\000e\000j\000o\000r\000a\000?}{section.7}% 10
\BOOKMARK [2][-]{subsection.7.2}{\376\377\000\277\000P\000o\000r\000\040\000q\000u\000\351\000\040\000i\000n\000c\000l\000i\000n\000a\000r\000\040\000p\000u\000e\000d\000e\000\040\000g\000a\000n\000a\000r\000\040\000o\000\040\000p\000e\000r\000d\000e\000r\000\040\000c\000o\000b\000e\000r\000t\000u\000r\000a\000?}{section.7}% 11
\BOOKMARK [2][-]{subsection.7.3}{\376\377\000\277\000E\000l\000\040\000\341\000r\000e\000a\000\040\000o\000\040\000l\000a\000\040\000F\000O\000V\000\040\000t\000i\000e\000n\000e\000n\000\040\000s\000i\000e\000m\000p\000r\000e\000\040\000u\000n\000\040\000\363\000p\000t\000i\000m\000o\000\040\000i\000n\000t\000e\000r\000i\000o\000r\000?}{section.7}% 12
\BOOKMARK [2][-]{subsection.7.4}{\376\377\000\277\000S\000o\000n\000\040\000l\000o\000s\000\040\000m\000i\000s\000m\000o\000s\000\040\000G\000L\000S\000/\000W\000L\000S\000/\000N\000L\000S\000\040\000d\000e\000\040\000T\000C\000O\000M\000?}{section.7}% 13
\BOOKMARK [2][-]{subsection.7.5}{\376\377\000\277\000P\000o\000r\000\040\000q\000u\000\351\000\040\000L\000S\000\040\000y\000\040\000N\000L\000S\000\040\000p\000u\000e\000d\000e\000n\000\040\000d\000i\000b\000u\000j\000a\000r\000s\000e\000\040\000s\000u\000p\000e\000r\000p\000u\000e\000s\000t\000o\000s\000?}{section.7}% 14
\BOOKMARK [2][-]{subsection.7.6}{\376\377\000\277\000Q\000u\000\351\000\040\000s\000e\000\040\000c\000o\000m\000p\000r\000o\000b\000\363\000\040\000s\000o\000b\000r\000e\000\040\000e\000l\000\040\000p\000a\000t\000r\000\363\000n\000\040\000d\000e\000l\000\040\000L\000E\000D\000?}{section.7}% 15
\BOOKMARK [2][-]{subsection.7.7}{\376\377\000\277\000Q\000u\000\351\000\040\000s\000i\000g\000n\000i\000f\000i\000c\000a\000\040\000l\000a\000\040\000s\000e\000n\000s\000i\000b\000i\000l\000i\000d\000a\000d\000\040\000a\000n\000g\000u\000l\000a\000r\000\040\000d\000e\000\040\000u\000n\000\040\000g\000r\000a\000d\000o\000?}{section.7}% 16
\BOOKMARK [1][-]{section.8}{\376\377\000R\000e\000s\000u\000l\000t\000a\000d\000o\000\040\000f\000o\000c\000a\000l\000i\000z\000a\000d\000o\000:\000\040\000K\000=\0005\000,\000\040\000m\000R\000=\0001\000.\0009\000\040\000y\000\040\0001\0000\000\040\000c\000m}{}% 17
\BOOKMARK [1][-]{section.9}{\376\377\000R\000e\000s\000u\000l\000t\000a\000d\000o\000\040\000K\000=\0005\000\040\000d\000e\000\040\000l\000a\000\040\000r\000a\000m\000a\000\040\000S\000Q\000\040\000d\000e\000l\000\040\000P\000D\000A\0001\0000\0000\000A\0002}{}% 18
\BOOKMARK [1][-]{section.10}{\376\377\000C\000\363\000m\000o\000\040\000e\000m\000p\000e\000z\000a\000r\000\040\000a\000\040\000t\000r\000a\000b\000a\000j\000a\000r}{}% 19
\BOOKMARK [1][-]{section.11}{\376\377\000R\000u\000t\000a\000\040\000d\000e\000\040\000l\000e\000c\000t\000u\000r\000a\000\040\000r\000e\000c\000o\000m\000e\000n\000d\000a\000d\000a}{}% 20
\BOOKMARK [1][-]{section.12}{\376\377\000Q\000u\000\351\000\040\000f\000a\000l\000t\000a\000\040\000p\000a\000r\000a\000\040\000u\000n\000a\000\040\000a\000f\000i\000r\000m\000a\000c\000i\000\363\000n\000\040\000e\000x\000p\000e\000r\000i\000m\000e\000n\000t\000a\000l}{}% 21
