This is pdfTeX, Version 3.141592653-2.6-1.40.29 (TeX Live 2026) (preloaded format=pdflatex 2026.3.18)  13 SEP 2026 19:38
entering extended mode
 restricted \write18 enabled.
 %&-line parsing enabled.
**INFORME.tex
(./INFORME.tex
LaTeX2e <2025-11-01>
L3 programming layer <2026-01-19>
(c:/texlive/2026/texmf-dist/tex/latex/base/article.cls
Document Class: article 2025/01/22 v1.4n Standard LaTeX document class
(c:/texlive/2026/texmf-dist/tex/latex/base/size11.clo
File: size11.clo 2025/01/22 v1.4n Standard LaTeX file (size option)
)
\c@part=\count275
\c@section=\count276
\c@subsection=\count277
\c@subsubsection=\count278
\c@paragraph=\count279
\c@subparagraph=\count280
\c@figure=\count281
\c@table=\count282
\abovecaptionskip=\skip49
\belowcaptionskip=\skip50
\bibindent=\dimen148
)
(c:/texlive/2026/texmf-dist/tex/latex/base/fontenc.sty
Package: fontenc 2025/07/18 v2.1d Standard LaTeX package
)
(c:/texlive/2026/texmf-dist/tex/latex/base/inputenc.sty
Package: inputenc 2024/02/08 v1.3d Input encoding file
\inpenc@prehook=\toks17
\inpenc@posthook=\toks18
)
(c:/texlive/2026/texmf-dist/tex/generic/babel/babel.sty
Package: babel 2026/03/08 v26.4 The multilingual framework for LuaLaTeX, pdfLaT
eX and XeLaTeX
\babel@savecnt=\count283
LaTeX Encoding Info:    Redeclaring text command \ij (encoding OT1) on input li
ne 2078.
LaTeX Encoding Info:    Redeclaring text command \IJ (encoding OT1) on input li
ne 2080.
LaTeX Encoding Info:    Redeclaring text command \ij (encoding T1) on input lin
e 2082.
LaTeX Encoding Info:    Redeclaring text command \IJ (encoding T1) on input lin
e 2083.
LaTeX Encoding Info:    Ignoring declaration for text command \ij (encoding ?) 
on input line 2084.
LaTeX Encoding Info:    Ignoring declaration for text command \IJ (encoding ?) 
on input line 2086.
LaTeX Encoding Info:    Ignoring declaration for text command \SS (encoding ?) 
on input line 2111.
\U@D=\dimen149
\l@unhyphenated=\language91

(c:/texlive/2026/texmf-dist/tex/generic/babel/txtbabel.def)
\bbl@readstream=\read2
\bbl@dirlevel=\count284

(c:/texlive/2026/texmf-dist/tex/generic/babel/locale/es/babel-spanish.tex)
Package babel Info: Importing font and identification data for spanish
(babel)             from babel-es.ini. Reported on input line 4330.

(c:/texlive/2026/texmf-dist/tex/generic/babel-spanish/spanish.ldf
Language: spanish.ldf 2021/05/27 v5.0q Spanish support from the babel system
\es@quottoks=\toks19
\es@quotdepth=\count285
))
LaTeX Encoding Info:    Redeclaring text command \guillemotleft (encoding OT1) 
on input line 5.
LaTeX Encoding Info:    Redeclaring text command \guillemotright (encoding OT1)
 on input line 5.

(c:/texlive/2026/texmf-dist/tex/latex/lm/lmodern.sty
Package: lmodern 2015/05/01 v1.6.1 Latin Modern Fonts
LaTeX Font Info:    Overwriting symbol font `operators' in version `normal'
(Font)                  OT1/cmr/m/n --> OT1/lmr/m/n on input line 22.
LaTeX Font Info:    Overwriting symbol font `letters' in version `normal'
(Font)                  OML/cmm/m/it --> OML/lmm/m/it on input line 23.
LaTeX Font Info:    Overwriting symbol font `symbols' in version `normal'
(Font)                  OMS/cmsy/m/n --> OMS/lmsy/m/n on input line 24.
LaTeX Font Info:    Overwriting symbol font `largesymbols' in version `normal'
(Font)                  OMX/cmex/m/n --> OMX/lmex/m/n on input line 25.
LaTeX Font Info:    Overwriting symbol font `operators' in version `bold'
(Font)                  OT1/cmr/bx/n --> OT1/lmr/bx/n on input line 26.
LaTeX Font Info:    Overwriting symbol font `letters' in version `bold'
(Font)                  OML/cmm/b/it --> OML/lmm/b/it on input line 27.
LaTeX Font Info:    Overwriting symbol font `symbols' in version `bold'
(Font)                  OMS/cmsy/b/n --> OMS/lmsy/b/n on input line 28.
LaTeX Font Info:    Overwriting symbol font `largesymbols' in version `bold'
(Font)                  OMX/cmex/m/n --> OMX/lmex/m/n on input line 29.
LaTeX Font Info:    Overwriting math alphabet `\mathbf' in version `normal'
(Font)                  OT1/cmr/bx/n --> OT1/lmr/bx/n on input line 31.
LaTeX Font Info:    Overwriting math alphabet `\mathsf' in version `normal'
(Font)                  OT1/cmss/m/n --> OT1/lmss/m/n on input line 32.
LaTeX Font Info:    Overwriting math alphabet `\mathit' in version `normal'
(Font)                  OT1/cmr/m/it --> OT1/lmr/m/it on input line 33.
LaTeX Font Info:    Overwriting math alphabet `\mathtt' in version `normal'
(Font)                  OT1/cmtt/m/n --> OT1/lmtt/m/n on input line 34.
LaTeX Font Info:    Overwriting math alphabet `\mathbf' in version `bold'
(Font)                  OT1/cmr/bx/n --> OT1/lmr/bx/n on input line 35.
LaTeX Font Info:    Overwriting math alphabet `\mathsf' in version `bold'
(Font)                  OT1/cmss/bx/n --> OT1/lmss/bx/n on input line 36.
LaTeX Font Info:    Overwriting math alphabet `\mathit' in version `bold'
(Font)                  OT1/cmr/bx/it --> OT1/lmr/bx/it on input line 37.
LaTeX Font Info:    Overwriting math alphabet `\mathtt' in version `bold'
(Font)                  OT1/cmtt/m/n --> OT1/lmtt/m/n on input line 38.
)
(c:/texlive/2026/texmf-dist/tex/latex/amsmath/amsmath.sty
Package: amsmath 2025/07/09 v2.17z AMS math features
\@mathmargin=\skip51

For additional information on amsmath, use the `?' option.
(c:/texlive/2026/texmf-dist/tex/latex/amsmath/amstext.sty
Package: amstext 2024/11/17 v2.01 AMS text

(c:/texlive/2026/texmf-dist/tex/latex/amsmath/amsgen.sty
File: amsgen.sty 1999/11/30 v2.0 generic functions
\@emptytoks=\toks20
\ex@=\dimen150
))
(c:/texlive/2026/texmf-dist/tex/latex/amsmath/amsbsy.sty
Package: amsbsy 1999/11/29 v1.2d Bold Symbols
\pmbraise@=\dimen151
)
(c:/texlive/2026/texmf-dist/tex/latex/amsmath/amsopn.sty
Package: amsopn 2022/04/08 v2.04 operator names
)
\inf@bad=\count286
LaTeX Info: Redefining \frac on input line 233.
\uproot@=\count287
\leftroot@=\count288
LaTeX Info: Redefining \overline on input line 398.
LaTeX Info: Redefining \colon on input line 409.
\classnum@=\count289
\DOTSCASE@=\count290
LaTeX Info: Redefining \ldots on input line 495.
LaTeX Info: Redefining \dots on input line 498.
LaTeX Info: Redefining \cdots on input line 619.
\Mathstrutbox@=\box53
\strutbox@=\box54
LaTeX Info: Redefining \big on input line 721.
LaTeX Info: Redefining \Big on input line 722.
LaTeX Info: Redefining \bigg on input line 723.
LaTeX Info: Redefining \Bigg on input line 724.
\big@size=\dimen152
LaTeX Font Info:    Redeclaring font encoding OML on input line 742.
LaTeX Font Info:    Redeclaring font encoding OMS on input line 743.
\macc@depth=\count291
LaTeX Info: Redefining \bmod on input line 904.
LaTeX Info: Redefining \pmod on input line 909.
LaTeX Info: Redefining \smash on input line 939.
LaTeX Info: Redefining \relbar on input line 969.
LaTeX Info: Redefining \Relbar on input line 970.
\c@MaxMatrixCols=\count292
\dotsspace@=\muskip17
\c@parentequation=\count293
\dspbrk@lvl=\count294
\tag@help=\toks21
\row@=\count295
\column@=\count296
\maxfields@=\count297
\andhelp@=\toks22
\eqnshift@=\dimen153
\alignsep@=\dimen154
\tagshift@=\dimen155
\tagwidth@=\dimen156
\totwidth@=\dimen157
\lineht@=\dimen158
\@envbody=\toks23
\multlinegap=\skip52
\multlinetaggap=\skip53
\mathdisplay@stack=\toks24
LaTeX Info: Redefining \[ on input line 2950.
LaTeX Info: Redefining \] on input line 2951.
)
(c:/texlive/2026/texmf-dist/tex/latex/amsfonts/amssymb.sty
Package: amssymb 2013/01/14 v3.01 AMS font symbols

(c:/texlive/2026/texmf-dist/tex/latex/amsfonts/amsfonts.sty
Package: amsfonts 2013/01/14 v3.01 Basic AMSFonts support
\symAMSa=\mathgroup4
\symAMSb=\mathgroup5
LaTeX Font Info:    Redeclaring math symbol \hbar on input line 98.
LaTeX Font Info:    Overwriting math alphabet `\mathfrak' in version `bold'
(Font)                  U/euf/m/n --> U/euf/b/n on input line 106.
))
(c:/texlive/2026/texmf-dist/tex/latex/amscls/amsthm.sty
Package: amsthm 2020/05/29 v2.20.6
\thm@style=\toks25
\thm@bodyfont=\toks26
\thm@headfont=\toks27
\thm@notefont=\toks28
\thm@headpunct=\toks29
\thm@preskip=\skip54
\thm@postskip=\skip55
\thm@headsep=\skip56
\dth@everypar=\toks30
)
(c:/texlive/2026/texmf-dist/tex/latex/tools/bm.sty
Package: bm 2025/10/21 v1.2g Bold Symbol Support (DPC/FMi)
\symboldoperators=\mathgroup6
\symboldletters=\mathgroup7
\symboldsymbols=\mathgroup8
Package bm Info: No bold for \OMX/lmex/m/n, using \pmb.
Package bm Info: No bold for \U/msa/m/n, using \pmb.
Package bm Info: No bold for \U/msb/m/n, using \pmb.
LaTeX Font Info:    Redeclaring math alphabet \mathbf on input line 149.
)
(c:/texlive/2026/texmf-dist/tex/latex/geometry/geometry.sty
Package: geometry 2026/03/07 v6.0 Page Geometry

(c:/texlive/2026/texmf-dist/tex/latex/graphics/keyval.sty
Package: keyval 2022/05/29 v1.15 key=value parser (DPC)
\KV@toks@=\toks31
)
(c:/texlive/2026/texmf-dist/tex/generic/iftex/ifvtex.sty
Package: ifvtex 2019/10/25 v1.7 ifvtex legacy package. Use iftex instead.

(c:/texlive/2026/texmf-dist/tex/generic/iftex/iftex.sty
Package: iftex 2024/12/12 v1.0g TeX engine tests
))
\Gm@cnth=\count298
\Gm@cntv=\count299
\c@Gm@tempcnt=\count300
\Gm@bindingoffset=\dimen159
\Gm@wd@mp=\dimen160
\Gm@odd@mp=\dimen161
\Gm@even@mp=\dimen162
\Gm@layoutwidth=\dimen163
\Gm@layoutheight=\dimen164
\Gm@layouthoffset=\dimen165
\Gm@layoutvoffset=\dimen166
\Gm@dimlist=\toks32
)
(c:/texlive/2026/texmf-dist/tex/latex/graphics/graphicx.sty
Package: graphicx 2024/12/31 v1.2e Enhanced LaTeX Graphics (DPC,SPQR)

(c:/texlive/2026/texmf-dist/tex/latex/graphics/graphics.sty
Package: graphics 2024/08/06 v1.4g Standard LaTeX Graphics (DPC,SPQR)

(c:/texlive/2026/texmf-dist/tex/latex/graphics/trig.sty
Package: trig 2023/12/02 v1.11 sin cos tan (DPC)
)
(c:/texlive/2026/texmf-dist/tex/latex/graphics-cfg/graphics.cfg
File: graphics.cfg 2016/06/04 v1.11 sample graphics configuration
)
Package graphics Info: Driver file: pdftex.def on input line 106.

(c:/texlive/2026/texmf-dist/tex/latex/graphics-def/pdftex.def
File: pdftex.def 2025/09/29 v1.2d Graphics/color driver for pdftex
))
\Gin@req@height=\dimen167
\Gin@req@width=\dimen168
)
(c:/texlive/2026/texmf-dist/tex/latex/booktabs/booktabs.sty
Package: booktabs 2020/01/12 v1.61803398 Publication quality tables
\heavyrulewidth=\dimen169
\lightrulewidth=\dimen170
\cmidrulewidth=\dimen171
\belowrulesep=\dimen172
\belowbottomsep=\dimen173
\aboverulesep=\dimen174
\abovetopsep=\dimen175
\cmidrulesep=\dimen176
\cmidrulekern=\dimen177
\defaultaddspace=\dimen178
\@cmidla=\count301
\@cmidlb=\count302
\@aboverulesep=\dimen179
\@belowrulesep=\dimen180
\@thisruleclass=\count303
\@lastruleclass=\count304
\@thisrulewidth=\dimen181
)
(c:/texlive/2026/texmf-dist/tex/latex/tools/longtable.sty
Package: longtable 2025-10-13 v4.24 Multi-page Table package (DPC)
\LTleft=\skip57
\LTright=\skip58
\LTpre=\skip59
\LTpost=\skip60
\LTchunksize=\count305
\LTcapwidth=\dimen182
\LT@head=\box55
\LT@firsthead=\box56
\LT@foot=\box57
\LT@lastfoot=\box58
\LT@gbox=\box59
\LT@cols=\count306
\LT@rows=\count307
\c@LT@tables=\count308
\c@LT@chunks=\count309
\LT@p@ftn=\toks33
)
(c:/texlive/2026/texmf-dist/tex/latex/tools/tabularx.sty
Package: tabularx 2023/12/11 v2.12a `tabularx' package (DPC)

(c:/texlive/2026/texmf-dist/tex/latex/tools/array.sty
Package: array 2025/09/25 v2.6n Tabular extension package (FMi)
\col@sep=\dimen183
\ar@mcellbox=\box60
\extrarowheight=\dimen184
\NC@list=\toks34
\extratabsurround=\skip61
\backup@length=\skip62
\ar@cellbox=\box61
)
\TX@col@width=\dimen185
\TX@old@table=\dimen186
\TX@old@col=\dimen187
\TX@target=\dimen188
\TX@delta=\dimen189
\TX@cols=\count310
\TX@ftn=\toks35
)
(c:/texlive/2026/texmf-dist/tex/latex/float/float.sty
Package: float 2001/11/08 v1.3d Float enhancements (AL)
\c@float@type=\count311
\float@exts=\toks36
\float@box=\box62
\@float@everytoks=\toks37
\@floatcapt=\box63
)
(c:/texlive/2026/texmf-dist/tex/latex/xcolor/xcolor.sty
Package: xcolor 2024/09/29 v3.02 LaTeX color extensions (UK)

(c:/texlive/2026/texmf-dist/tex/latex/graphics-cfg/color.cfg
File: color.cfg 2016/01/02 v1.6 sample color configuration
)
Package xcolor Info: Driver file: pdftex.def on input line 274.

(c:/texlive/2026/texmf-dist/tex/latex/graphics/mathcolor.ltx)
Package xcolor Info: Model `cmy' substituted by `cmy0' on input line 1349.
Package xcolor Info: Model `hsb' substituted by `rgb' on input line 1353.
Package xcolor Info: Model `RGB' extended on input line 1365.
Package xcolor Info: Model `HTML' substituted by `rgb' on input line 1367.
Package xcolor Info: Model `Hsb' substituted by `hsb' on input line 1368.
Package xcolor Info: Model `tHsb' substituted by `hsb' on input line 1369.
Package xcolor Info: Model `HSB' substituted by `hsb' on input line 1370.
Package xcolor Info: Model `Gray' substituted by `gray' on input line 1371.
Package xcolor Info: Model `wave' substituted by `hsb' on input line 1372.
)
(c:/texlive/2026/texmf-dist/tex/latex/hyperref/hyperref.sty
Package: hyperref 2026-01-29 v7.01p Hypertext links for LaTeX

(c:/texlive/2026/texmf-dist/tex/latex/kvsetkeys/kvsetkeys.sty
Package: kvsetkeys 2022-10-05 v1.19 Key value parser (HO)
)
(c:/texlive/2026/texmf-dist/tex/generic/kvdefinekeys/kvdefinekeys.sty
Package: kvdefinekeys 2019-12-19 v1.6 Define keys (HO)
)
(c:/texlive/2026/texmf-dist/tex/generic/pdfescape/pdfescape.sty
Package: pdfescape 2019/12/09 v1.15 Implements pdfTeX's escape features (HO)

(c:/texlive/2026/texmf-dist/tex/generic/ltxcmds/ltxcmds.sty
Package: ltxcmds 2023-12-04 v1.26 LaTeX kernel commands for general use (HO)
)
(c:/texlive/2026/texmf-dist/tex/generic/pdftexcmds/pdftexcmds.sty
Package: pdftexcmds 2020-06-27 v0.33 Utility functions of pdfTeX for LuaTeX (HO
)

(c:/texlive/2026/texmf-dist/tex/generic/infwarerr/infwarerr.sty
Package: infwarerr 2019/12/03 v1.5 Providing info/warning/error messages (HO)
)
Package pdftexcmds Info: \pdf@primitive is available.
Package pdftexcmds Info: \pdf@ifprimitive is available.
Package pdftexcmds Info: \pdfdraftmode found.
))
(c:/texlive/2026/texmf-dist/tex/latex/hycolor/hycolor.sty
Package: hycolor 2020-01-27 v1.10 Color options for hyperref/bookmark (HO)
)
(c:/texlive/2026/texmf-dist/tex/latex/hyperref/nameref.sty
Package: nameref 2026-01-29 v2.58 Cross-referencing by name of section

(c:/texlive/2026/texmf-dist/tex/latex/refcount/refcount.sty
Package: refcount 2019/12/15 v3.6 Data extraction from label references (HO)
)
(c:/texlive/2026/texmf-dist/tex/generic/gettitlestring/gettitlestring.sty
Package: gettitlestring 2019/12/15 v1.6 Cleanup title references (HO)

(c:/texlive/2026/texmf-dist/tex/latex/kvoptions/kvoptions.sty
Package: kvoptions 2022-06-15 v3.15 Key value format for package options (HO)
))
\c@section@level=\count312
)
(c:/texlive/2026/texmf-dist/tex/latex/etoolbox/etoolbox.sty
Package: etoolbox 2025/10/02 v2.5m e-TeX tools for LaTeX (JAW)
\etb@tempcnta=\count313
)
(c:/texlive/2026/texmf-dist/tex/generic/stringenc/stringenc.sty
Package: stringenc 2019/11/29 v1.12 Convert strings between diff. encodings (HO
)
)
\@linkdim=\dimen190
\Hy@linkcounter=\count314
\Hy@pagecounter=\count315

(c:/texlive/2026/texmf-dist/tex/latex/hyperref/pd1enc.def
File: pd1enc.def 2026-01-29 v7.01p Hyperref: PDFDocEncoding definition (HO)
Now handling font encoding PD1 ...
... no UTF-8 mapping file for font encoding PD1
)
(c:/texlive/2026/texmf-dist/tex/generic/intcalc/intcalc.sty
Package: intcalc 2019/12/15 v1.3 Expandable calculations with integers (HO)
)
\Hy@SavedSpaceFactor=\count316

(c:/texlive/2026/texmf-dist/tex/latex/hyperref/puenc.def
File: puenc.def 2026-01-29 v7.01p Hyperref: PDF Unicode definition (HO)
Now handling font encoding PU ...
... no UTF-8 mapping file for font encoding PU
)
Package hyperref Info: Hyper figures OFF on input line 4201.
Package hyperref Info: Link nesting OFF on input line 4206.
Package hyperref Info: Hyper index ON on input line 4209.
Package hyperref Info: Plain pages OFF on input line 4216.
Package hyperref Info: Backreferencing OFF on input line 4221.
Package hyperref Info: Implicit mode ON; LaTeX internals redefined.
Package hyperref Info: Bookmarks ON on input line 4468.
\c@Hy@tempcnt=\count317

(c:/texlive/2026/texmf-dist/tex/latex/url/url.sty
\Urlmuskip=\muskip18
Package: url 2013/09/16  ver 3.4  Verb mode for urls, etc.
)
LaTeX Info: Redefining \url on input line 4807.
\XeTeXLinkMargin=\dimen191

(c:/texlive/2026/texmf-dist/tex/generic/bitset/bitset.sty
Package: bitset 2019/12/09 v1.3 Handle bit-vector datatype (HO)

(c:/texlive/2026/texmf-dist/tex/generic/bigintcalc/bigintcalc.sty
Package: bigintcalc 2019/12/15 v1.5 Expandable calculations on big integers (HO
)
))
\Fld@menulength=\count318
\Field@Width=\dimen192
\Fld@charsize=\dimen193
Package hyperref Info: Hyper figures OFF on input line 6084.
Package hyperref Info: Link nesting OFF on input line 6089.
Package hyperref Info: Hyper index ON on input line 6092.
Package hyperref Info: backreferencing OFF on input line 6099.
Package hyperref Info: Link coloring OFF on input line 6104.
Package hyperref Info: Link coloring with OCG OFF on input line 6109.
Package hyperref Info: PDF/A mode OFF on input line 6114.
\Hy@abspage=\count319
\c@Item=\count320
\c@Hfootnote=\count321
)
Package hyperref Info: Driver (autodetected): hpdftex.

(c:/texlive/2026/texmf-dist/tex/latex/hyperref/hpdftex.def
File: hpdftex.def 2026-01-29 v7.01p Hyperref driver for pdfTeX
\Fld@listcount=\count322
\c@bookmark@seq@number=\count323

(c:/texlive/2026/texmf-dist/tex/latex/rerunfilecheck/rerunfilecheck.sty
Package: rerunfilecheck 2025-06-21 v1.11 Rerun checks for auxiliary files (HO)

(c:/texlive/2026/texmf-dist/tex/generic/uniquecounter/uniquecounter.sty
Package: uniquecounter 2019/12/15 v1.4 Provide unlimited unique counter (HO)
)
Package uniquecounter Info: New unique counter `rerunfilecheck' on input line 2
84.
)
\Hy@SectionHShift=\skip63
)
(c:/texlive/2026/texmf-dist/tex/latex/xurl/xurl.sty
Package: xurl 2022/01/09 v 0.10 modify URL breaks
)
(c:/texlive/2026/texmf-dist/tex/latex/fancyhdr/fancyhdr.sty
Package: fancyhdr 2025/02/07 v5.2 Extensive control of page headers and footers

\f@nch@headwidth=\skip64
\f@nch@offset@elh=\skip65
\f@nch@offset@erh=\skip66
\f@nch@offset@olh=\skip67
\f@nch@offset@orh=\skip68
\f@nch@offset@elf=\skip69
\f@nch@offset@erf=\skip70
\f@nch@offset@olf=\skip71
\f@nch@offset@orf=\skip72
\f@nch@height=\skip73
\f@nch@footalignment=\skip74
\f@nch@widthL=\skip75
\f@nch@widthC=\skip76
\f@nch@widthR=\skip77
\@temptokenb=\toks38
)
(c:/texlive/2026/texmf-dist/tex/latex/listings/listings.sty
\lst@mode=\count324
\lst@gtempboxa=\box64
\lst@token=\toks39
\lst@length=\count325
\lst@currlwidth=\dimen194
\lst@column=\count326
\lst@pos=\count327
\lst@lostspace=\dimen195
\lst@width=\dimen196
\lst@newlines=\count328
\lst@lineno=\count329
\lst@maxwidth=\dimen197

(c:/texlive/2026/texmf-dist/tex/latex/listings/lstpatch.sty
File: lstpatch.sty 2025/11/14 1.11b (Carsten Heinz)
)
(c:/texlive/2026/texmf-dist/tex/latex/listings/lstmisc.sty
File: lstmisc.sty 2025/11/14 1.11b (Carsten Heinz)
\c@lstnumber=\count330
\lst@skipnumbers=\count331
\lst@framebox=\box65
)
(c:/texlive/2026/texmf-dist/tex/latex/listings/listings.cfg
File: listings.cfg 2025/11/14 1.11b listings configuration
))
Package: listings 2025/11/14 1.11b (Carsten Heinz)

==> First Aid for listings.sty no longer applied!
    Expected:
        2024/09/23 1.10c (Carsten Heinz)
    but found:
        2025/11/14 1.11b (Carsten Heinz)
    so I'm assuming it got fixed.
Package hyperref Info: Option `colorlinks' set `true' on input line 9.
\c@proposicion=\count332
\c@observacion=\count333
(c:/texlive/2026/texmf-dist/tex/latex/listings/lstlang1.sty
File: lstlang1.sty 2025/11/14 1.11b listings language file
)
(./generado/macros.tex)
LaTeX Font Info:    Trying to load font information for T1+lmr on input line 29
.
 (c:/texlive/2026/texmf-dist/tex/latex/lm/t1lmr.fd
File: t1lmr.fd 2015/05/01 v1.6.1 Font defs for Latin Modern
)
(c:/texlive/2026/texmf-dist/tex/latex/l3backend/l3backend-pdftex.def
File: l3backend-pdftex.def 2025-10-09 L3 backend support: PDF output (pdfTeX)
\l__color_backend_stack_int=\count334
)
(compilado/INFORME.aux
LaTeX Info: Redefining \. on input line 7.
LaTeX Info: Redefining \% on input line 7.
Package babel Info: 'spanish' activates 'spanish' shorthands.
(babel)             Reported on input line 7.
)
\openout1 = `INFORME.aux'.

LaTeX Font Info:    Checking defaults for OML/cmm/m/it on input line 29.
LaTeX Font Info:    ... okay on input line 29.
LaTeX Font Info:    Checking defaults for OMS/cmsy/m/n on input line 29.
LaTeX Font Info:    ... okay on input line 29.
LaTeX Font Info:    Checking defaults for OT1/cmr/m/n on input line 29.
LaTeX Font Info:    ... okay on input line 29.
LaTeX Font Info:    Checking defaults for T1/cmr/m/n on input line 29.
LaTeX Font Info:    ... okay on input line 29.
LaTeX Font Info:    Checking defaults for TS1/cmr/m/n on input line 29.
LaTeX Font Info:    ... okay on input line 29.
LaTeX Font Info:    Checking defaults for OMX/cmex/m/n on input line 29.
LaTeX Font Info:    ... okay on input line 29.
LaTeX Font Info:    Checking defaults for U/cmr/m/n on input line 29.
LaTeX Font Info:    ... okay on input line 29.
LaTeX Font Info:    Checking defaults for PD1/pdf/m/n on input line 29.
LaTeX Font Info:    ... okay on input line 29.
LaTeX Font Info:    Checking defaults for PU/pdf/m/n on input line 29.
LaTeX Font Info:    ... okay on input line 29.
LaTeX Info: Redefining \. on input line 29.
LaTeX Info: Redefining \% on input line 29.

*geometry* driver: auto-detecting
*geometry* detected driver: pdftex
*geometry* verbose mode - [ preamble ] result:
* driver: pdftex
* paper: a4paper
* layout: <same size as paper>
* layoutoffset:(h,v)=(0.0pt,0.0pt)
* modes: 
* h-part:(L,W,R)=(62.59596pt, 472.31595pt, 62.59596pt)
* v-part:(T,H,B)=(62.59596pt, 719.85492pt, 62.59596pt)
* \paperwidth=597.50787pt
* \paperheight=845.04684pt
* \textwidth=472.31595pt
* \textheight=719.85492pt
* \oddsidemargin=-9.67403pt
* \evensidemargin=-9.67403pt
* \topmargin=-46.67403pt
* \headheight=14.0pt
* \headsep=25.0pt
* \topskip=11.0pt
* \footskip=30.0pt
* \marginparwidth=50.0pt
* \marginparsep=10.0pt
* \columnsep=10.0pt
* \skip\footins=10.0pt plus 4.0pt minus 2.0pt
* \hoffset=0.0pt
* \voffset=0.0pt
* \mag=1000
* \@twocolumnfalse
* \@twosidefalse
* \@mparswitchfalse
* \@reversemarginfalse
* (1in=72.27pt=25.4mm, 1cm=28.453pt)

(c:/texlive/2026/texmf-dist/tex/context/base/mkii/supp-pdf.mkii
[Loading MPS to PDF converter (version 2006.09.02).]
\scratchcounter=\count335
\scratchdimen=\dimen198
\scratchbox=\box66
\nofMPsegments=\count336
\nofMParguments=\count337
\everyMPshowfont=\toks40
\MPscratchCnt=\count338
\MPscratchDim=\dimen199
\MPnumerator=\count339
\makeMPintoPDFobject=\count340
\everyMPtoPDFconversion=\toks41
) (c:/texlive/2026/texmf-dist/tex/latex/epstopdf-pkg/epstopdf-base.sty
Package: epstopdf-base 2020-01-24 v2.11 Base part for package epstopdf
Package epstopdf-base Info: Redefining graphics rule for `.eps' on input line 4
85.

(c:/texlive/2026/texmf-dist/tex/latex/latexconfig/epstopdf-sys.cfg
File: epstopdf-sys.cfg 2010/07/13 v1.3 Configuration of (r)epstopdf for TeX Liv
e
))
Package hyperref Info: Link coloring ON on input line 29.

(compilado/INFORME.out) (compilado/INFORME.out)
\@outlinefile=\write3
\openout3 = `INFORME.out'.

\c@lstlisting=\count341
LaTeX Font Info:    Trying to load font information for OT1+lmr on input line 3
1.

(c:/texlive/2026/texmf-dist/tex/latex/lm/ot1lmr.fd
File: ot1lmr.fd 2015/05/01 v1.6.1 Font defs for Latin Modern
)
LaTeX Font Info:    Trying to load font information for OML+lmm on input line 3
1.

(c:/texlive/2026/texmf-dist/tex/latex/lm/omllmm.fd
File: omllmm.fd 2015/05/01 v1.6.1 Font defs for Latin Modern
)
LaTeX Font Info:    Trying to load font information for OMS+lmsy on input line 
31.

(c:/texlive/2026/texmf-dist/tex/latex/lm/omslmsy.fd
File: omslmsy.fd 2015/05/01 v1.6.1 Font defs for Latin Modern
)
LaTeX Font Info:    Trying to load font information for OMX+lmex on input line 
31.

(c:/texlive/2026/texmf-dist/tex/latex/lm/omxlmex.fd
File: omxlmex.fd 2015/05/01 v1.6.1 Font defs for Latin Modern
)
LaTeX Font Info:    External font `lmex10' loaded for size
(Font)              <12> on input line 31.
LaTeX Font Info:    External font `lmex10' loaded for size
(Font)              <8> on input line 31.
LaTeX Font Info:    External font `lmex10' loaded for size
(Font)              <6> on input line 31.
LaTeX Font Info:    Trying to load font information for U+msa on input line 31.


(c:/texlive/2026/texmf-dist/tex/latex/amsfonts/umsa.fd
File: umsa.fd 2013/01/14 v3.01 AMS symbols A
)
LaTeX Font Info:    Trying to load font information for U+msb on input line 31.


(c:/texlive/2026/texmf-dist/tex/latex/amsfonts/umsb.fd
File: umsb.fd 2013/01/14 v3.01 AMS symbols B
)
LaTeX Font Info:    External font `lmex10' loaded for size
(Font)              <10> on input line 32.
LaTeX Font Info:    External font `lmex10' loaded for size
(Font)              <7> on input line 32.
LaTeX Font Info:    External font `lmex10' loaded for size
(Font)              <5> on input line 32.
 (compilado/INFORME.toc
LaTeX Info: Redefining \. on input line 1.
LaTeX Info: Redefining \% on input line 1.
LaTeX Font Info:    External font `lmex10' loaded for size
(Font)              <10.95> on input line 3.

[1

{c:/texlive/2026/texmf-var/fonts/map/pdftex/updmap/pdftex.map}{c:/texlive/2026/
texmf-dist/fonts/enc/dvips/lm/lm-ec.enc}{c:/texlive/2026/texmf-dist/fonts/enc/d
vips/lm/lm-rm.enc}{c:/texlive/2026/texmf-dist/fonts/enc/dvips/lm/lm-mathsy.enc}
] [2])
\tf@toc=\write4
\openout4 = `INFORME.toc'.

 [3] (./capitulos/01_planteamiento.tex
LaTeX Font Info:    Trying to load font information for T1+lmtt on input line 3
.

(c:/texlive/2026/texmf-dist/tex/latex/lm/t1lmtt.fd
File: t1lmtt.fd 2015/05/01 v1.6.1 Font defs for Latin Modern
) [4

{c:/texlive/2026/texmf-dist/fonts/enc/dvips/lm/lm-mathit.enc}]
<../resultados/full_20260913_190744_155/figuras/02_geometria_sistema.png, id=30
5, 692.186pt x 327.624pt>
File: ../resultados/full_20260913_190744_155/figuras/02_geometria_sistema.png G
raphic file (type png)
<use ../resultados/full_20260913_190744_155/figuras/02_geometria_sistema.png>
Package pdftex.def Info: ../resultados/full_20260913_190744_155/figuras/02_geom
etria_sistema.png  used on input line 49.
(pdftex.def)             Requested size: 472.31595pt x 223.56122pt.
) (./capitulos/02_modelo_optico.tex
[5 <../resultados/full_20260913_190744_155/figuras/02_geometria_sistema.png (PN
G copy)>] [6{c:/texlive/2026/texmf-dist/fonts/enc/dvips/lm/lm-mathex.enc}]
<../resultados/full_20260913_190744_155/figuras/03_evolucion_gaussian.png, id=3
29, 622.325pt x 285.065pt>
File: ../resultados/full_20260913_190744_155/figuras/03_evolucion_gaussian.png 
Graphic file (type png)
<use ../resultados/full_20260913_190744_155/figuras/03_evolucion_gaussian.png>
Package pdftex.def Info: ../resultados/full_20260913_190744_155/figuras/03_evol
ucion_gaussian.png  used on input line 91.
(pdftex.def)             Requested size: 472.31595pt x 216.35152pt.

[7] [8 <../resultados/full_20260913_190744_155/figuras/03_evolucion_gaussian.pn
g (PNG copy)>]) (./capitulos/03_identificabilidad.tex [9]
<../resultados/full_20260913_190744_155/figuras/04_coste_y_ambiguedad.png, id=3
68, 644.006pt x 290.2845pt>
File: ../resultados/full_20260913_190744_155/figuras/04_coste_y_ambiguedad.png 
Graphic file (type png)
<use ../resultados/full_20260913_190744_155/figuras/04_coste_y_ambiguedad.png>
Package pdftex.def Info: ../resultados/full_20260913_190744_155/figuras/04_cost
e_y_ambiguedad.png  used on input line 50.
(pdftex.def)             Requested size: 472.31595pt x 212.89366pt.
 [10] [11 <../resultados/full_20260913_190744_155/figuras/04_coste_y_ambiguedad
.png (PNG copy)>])
(./capitulos/04_estimacion.tex [12] [13]) (./capitulos/05_experimentos.tex
[14] [15] (../informe/generado/catalogo.tex) [16] [17])
(./capitulos/06_resultados.tex (./generado/resumen_principal.tex)
<../resultados/full_20260913_190744_155/figuras/01_huellas_opticas.png, id=438,
 788.546pt x 283.8605pt>
File: ../resultados/full_20260913_190744_155/figuras/01_huellas_opticas.png Gra
phic file (type png)
<use ../resultados/full_20260913_190744_155/figuras/01_huellas_opticas.png>
Package pdftex.def Info: ../resultados/full_20260913_190744_155/figuras/01_huel
las_opticas.png  used on input line 19.
(pdftex.def)             Requested size: 472.31595pt x 170.02307pt.
 [18]
<../resultados/full_20260913_190744_155/figuras/05_mapas_informacion.png, id=44
4, 834.317pt x 521.5485pt>
File: ../resultados/full_20260913_190744_155/figuras/05_mapas_informacion.png G
raphic file (type png)
<use ../resultados/full_20260913_190744_155/figuras/05_mapas_informacion.png>
Package pdftex.def Info: ../resultados/full_20260913_190744_155/figuras/05_mapa
s_informacion.png  used on input line 23.
(pdftex.def)             Requested size: 472.31595pt x 295.24843pt.
<../resultados/full_20260913_190744_155/figuras/06_cdf_tile.png, id=445, 751.20
65pt x 325.6165pt>
File: ../resultados/full_20260913_190744_155/figuras/06_cdf_tile.png Graphic fi
le (type png)
<use ../resultados/full_20260913_190744_155/figuras/06_cdf_tile.png>
Package pdftex.def Info: ../resultados/full_20260913_190744_155/figuras/06_cdf_
tile.png  used on input line 29.
(pdftex.def)             Requested size: 472.31595pt x 204.73206pt.
<../resultados/full_20260913_190744_155/figuras/07_cdf_grid.png, id=446, 757.22
9pt x 325.6165pt>
File: ../resultados/full_20260913_190744_155/figuras/07_cdf_grid.png Graphic fi
le (type png)
<use ../resultados/full_20260913_190744_155/figuras/07_cdf_grid.png>
Package pdftex.def Info: ../resultados/full_20260913_190744_155/figuras/07_cdf_
grid.png  used on input line 32.
(pdftex.def)             Requested size: 472.31595pt x 203.10239pt.
 [19 <../resultados/full_20260913_190744_155/figuras/01_huellas_opticas.png (PN
G copy)> <../resultados/full_20260913_190744_155/figuras/05_mapas_informacion.p
ng (PNG copy)>] (./generado/resultados_completos.tex
ignored: Infinite glue shrinkage fou
nd in box being split [20 <../resultados/full_20260913_190744_155/figuras/06_cd
f_tile.png (PNG copy)> <../resultados/full_20260913_190744_155/figuras/07_cdf_g
rid.png (PNG copy)>])
(./generado/fronteras_informacion.tex)
<../resultados/full_20260913_190744_155/figuras/08_ganancia_desconocida.png, id
=461, 646.8165pt x 309.958pt>
File: ../resultados/full_20260913_190744_155/figuras/08_ganancia_desconocida.pn
g Graphic file (type png)
<use ../resultados/full_20260913_190744_155/figuras/08_ganancia_desconocida.png
>
Package pdftex.def Info: ../resultados/full_20260913_190744_155/figuras/08_gana
ncia_desconocida.png  used on input line 43.
(pdftex.def)             Requested size: 472.31595pt x 226.33366pt.
 [21] (./generado/sensibilidad_nucleo.tex)
<../resultados/full_20260913_190744_155/figuras/09_sensibilidad_calibracion.png
, id=467, 768.471pt x 348.1005pt>
File: ../resultados/full_20260913_190744_155/figuras/09_sensibilidad_calibracio
n.png Graphic file (type png)
<use ../resultados/full_20260913_190744_155/figuras/09_sensibilidad_calibracion
.png>
Package pdftex.def Info: ../resultados/full_20260913_190744_155/figuras/09_sens
ibilidad_calibracion.png  used on input line 52.
(pdftex.def)             Requested size: 472.31595pt x 213.94508pt.
 [22 <../resultados/full_20260913_190744_155/figuras/08_ganancia_desconocida.pn
g (PNG copy)>] (./generado/rayos_esquina.tex)
<../resultados/full_20260913_190744_155/figuras/10_validacion_ray_tracing.png, 
id=474, 784.9325pt x 315.9805pt>
File: ../resultados/full_20260913_190744_155/figuras/10_validacion_ray_tracing.
png Graphic file (type png)
<use ../resultados/full_20260913_190744_155/figuras/10_validacion_ray_tracing.p
ng>
Package pdftex.def Info: ../resultados/full_20260913_190744_155/figuras/10_vali
dacion_ray_tracing.png  used on input line 62.
(pdftex.def)             Requested size: 472.31595pt x 190.1394pt.
<../resultados/full_20260913_190744_155/figuras/11_aberraciones_esquina.png, id
=475, 674.9215pt x 322.4045pt>
File: ../resultados/full_20260913_190744_155/figuras/11_aberraciones_esquina.pn
g Graphic file (type png)
<use ../resultados/full_20260913_190744_155/figuras/11_aberraciones_esquina.png
>
Package pdftex.def Info: ../resultados/full_20260913_190744_155/figuras/11_aber
raciones_esquina.png  used on input line 65.
(pdftex.def)             Requested size: 472.31595pt x 225.62256pt.
 [23 <../resultados/full_20260913_190744_155/figuras/09_sensibilidad_calibracio
n.png (PNG copy)>]
<../resultados/full_20260913_190744_155/figuras/12_tiempo_area_ruido.png, id=48
2, 601.0455pt x 307.9505pt>
File: ../resultados/full_20260913_190744_155/figuras/12_tiempo_area_ruido.png G
raphic file (type png)
<use ../resultados/full_20260913_190744_155/figuras/12_tiempo_area_ruido.png>
Package pdftex.def Info: ../resultados/full_20260913_190744_155/figuras/12_tiem
po_area_ruido.png  used on input line 74.
(pdftex.def)             Requested size: 415.64034pt x 212.96066pt.
 [24 <../resultados/full_20260913_190744_155/figuras/10_validacion_ray_tracing.
png (PNG copy)> <../resultados/full_20260913_190744_155/figuras/11_aberraciones
_esquina.png (PNG copy)>]
<../resultados/full_20260913_190744_155/figuras/13_barrido_pitch.png, id=489, 6
26.34pt x 311.564pt>
File: ../resultados/full_20260913_190744_155/figuras/13_barrido_pitch.png Graph
ic file (type png)
<use ../resultados/full_20260913_190744_155/figuras/13_barrido_pitch.png>
Package pdftex.def Info: ../resultados/full_20260913_190744_155/figuras/13_barr
ido_pitch.png  used on input line 80.
(pdftex.def)             Requested size: 425.08147pt x 211.4566pt.
<../resultados/full_20260913_190744_155/figuras/14_repeticion_vs_diversidad.png
, id=490, 722.7pt x 312.7685pt>
File: ../resultados/full_20260913_190744_155/figuras/14_repeticion_vs_diversida
d.png Graphic file (type png)
<use ../resultados/full_20260913_190744_155/figuras/14_repeticion_vs_diversidad
.png>
Package pdftex.def Info: ../resultados/full_20260913_190744_155/figuras/14_repe
ticion_vs_diversidad.png  used on input line 83.
(pdftex.def)             Requested size: 472.31595pt x 204.40909pt.
<../resultados/full_20260913_190744_155/figuras/15_barrido_inclinacion.png, id=
491, 624.734pt x 311.564pt>
File: ../resultados/full_20260913_190744_155/figuras/15_barrido_inclinacion.png
 Graphic file (type png)
<use ../resultados/full_20260913_190744_155/figuras/15_barrido_inclinacion.png>

Package pdftex.def Info: ../resultados/full_20260913_190744_155/figuras/15_barr
ido_inclinacion.png  used on input line 86.
(pdftex.def)             Requested size: 425.08147pt x 211.99857pt.
 [25 <../resultados/full_20260913_190744_155/figuras/12_tiempo_area_ruido.png (
PNG copy)> <../resultados/full_20260913_190744_155/figuras/13_barrido_pitch.png
 (PNG copy)>] (./generado/comparacion_python.tex) [26 <../resultados/full_20260
913_190744_155/figuras/14_repeticion_vs_diversidad.png (PNG copy)> <../resultad
os/full_20260913_190744_155/figuras/15_barrido_inclinacion.png (PNG copy)>]) (.
/capitulos/07_reproduccion.tex
Underfull \hbox (badness 6691) in paragraph at lines 60--61
[]|\T1/lmr/m/n/10.95 Regenera ta-blas y com-pi-la el PDF des-de
 []


Underfull \hbox (badness 1681) in paragraph at lines 63--63
[]|\T1/lmr/m/n/10.95 Ejecuciones fe-cha-das, con da-tos y fi-gu-ras de
 []

[27]
ignored: Infinite glue shrinkage found in box being split [28] [29]
LaTeX Font Info:    Font shape `T1/lmtt/bx/n' in size <10> not available
(Font)              Font shape `T1/lmtt/b/n' tried instead on input line 91.
 [30] [31]) [32] (compilado/INFORME.aux
LaTeX Info: Redefining \. on input line 7.
LaTeX Info: Redefining \% on input line 7.
)
 ***********
LaTeX2e <2025-11-01>
L3 programming layer <2026-01-19>
 ***********
Package rerunfilecheck Info: File `INFORME.out' has not changed.
(rerunfilecheck)             Checksum: A8DC8A13472420FD6BB6AB8E0798497F;14593.
 ) 
Here is how much of TeX's memory you used:
 16085 strings out of 467525
 248326 string characters out of 5423209
 967948 words of memory out of 5000000
 44489 multiletter control sequences out of 15000+600000
 714488 words of font info for 112 fonts, out of 8000000 for 9000
 1141 hyphenation exceptions out of 8191
 75i,13n,79p,1206b,1676s stack positions out of 10000i,1000n,20000p,200000b,200000s
<c:/texlive/2026/texmf-dist/fonts/type1/public/lm/lmbx10.pfb><c:/texlive/2026
/texmf-dist/fonts/type1/public/lm/lmbx12.pfb><c:/texlive/2026/texmf-dist/fonts/
type1/public/lm/lmex10.pfb><c:/texlive/2026/texmf-dist/fonts/type1/public/lm/lm
mi10.pfb><c:/texlive/2026/texmf-dist/fonts/type1/public/lm/lmmi6.pfb><c:/texliv
e/2026/texmf-dist/fonts/type1/public/lm/lmmi8.pfb><c:/texlive/2026/texmf-dist/f
onts/type1/public/lm/lmmib10.pfb><c:/texlive/2026/texmf-dist/fonts/type1/public
/lm/lmr10.pfb><c:/texlive/2026/texmf-dist/fonts/type1/public/lm/lmr12.pfb><c:/t
exlive/2026/texmf-dist/fonts/type1/public/lm/lmr17.pfb><c:/texlive/2026/texmf-d
ist/fonts/type1/public/lm/lmr6.pfb><c:/texlive/2026/texmf-dist/fonts/type1/publ
ic/lm/lmr8.pfb><c:/texlive/2026/texmf-dist/fonts/type1/public/lm/lmri10.pfb><c:
/texlive/2026/texmf-dist/fonts/type1/public/lm/lmsy10.pfb><c:/texlive/2026/texm
f-dist/fonts/type1/public/lm/lmsy8.pfb><c:/texlive/2026/texmf-dist/fonts/type1/
public/lm/lmtk10.pfb><c:/texlive/2026/texmf-dist/fonts/type1/public/lm/lmtt10.p
fb><c:/texlive/2026/texmf-dist/fonts/type1/public/amsfonts/symbols/msbm10.pfb>
Output written on compilado/INFORME.pdf (32 pages, 2400762 bytes).
PDF statistics:
 709 PDF objects out of 1000 (max. 8388607)
 615 compressed objects within 7 object streams
 218 named destinations out of 1000 (max. 500000)
 492 words of extra memory for PDF output out of 10000 (max. 10000000)

