This is pdfTeX, Version 3.141592653-2.6-1.40.29 (TeX Live 2026) (preloaded format=pdflatex 2026.3.18)  14 SEP 2026 16:13
entering extended mode
 restricted \write18 enabled.
 file:line:error style messages enabled.
 %&-line parsing enabled.
**"c:/Users/Owner/Documents/UVSQ/simulation_VLP/Grid_of_Beams/A Novel Terabit Grid-of-Beam Optical/Hossein_TCOM_Final_arXiv"
(c:/Users/Owner/Documents/UVSQ/simulation_VLP/Grid_of_Beams/A Novel Terabit Grid-of-Beam Optical/Hossein_TCOM_Final_arXiv.tex
LaTeX2e <2025-11-01>
L3 programming layer <2026-01-19>
(c:/texlive/2026/texmf-dist/tex/latex/ieeetran/IEEEtran.cls
Document Class: IEEEtran 2015/08/26 V1.8b by Michael Shell
-- See the "IEEEtran_HOWTO" manual for usage information.
-- http://www.michaelshell.org/tex/ieeetran/
\@IEEEtrantmpdimenA=\dimen148
\@IEEEtrantmpdimenB=\dimen149
\@IEEEtrantmpdimenC=\dimen150
\@IEEEtrantmpcountA=\count275
\@IEEEtrantmpcountB=\count276
\@IEEEtrantmpcountC=\count277
\@IEEEtrantmptoksA=\toks17
LaTeX Font Info:    Trying to load font information for OT1+ptm on input line 503.
(c:/texlive/2026/texmf-dist/tex/latex/psnfss/ot1ptm.fd
File: ot1ptm.fd 2001/06/04 font definitions for OT1/ptm.
)
-- Using 8.5in x 11in (letter) paper.
-- Using PDF output.
\@IEEEnormalsizeunitybaselineskip=\dimen151
-- This is a 10 point document.
LaTeX Encoding Info:    Redeclaring text command \textunderscore (encoding ?) on input line 937.
\CLASSINFOnormalsizebaselineskip=\dimen152
\CLASSINFOnormalsizeunitybaselineskip=\dimen153
\IEEEnormaljot=\dimen154
LaTeX Font Info:    Font shape `OT1/ptm/bx/n' in size <5> not available
(Font)              Font shape `OT1/ptm/b/n' tried instead on input line 1090.
LaTeX Font Info:    Font shape `OT1/ptm/bx/it' in size <5> not available
(Font)              Font shape `OT1/ptm/b/it' tried instead on input line 1090.
LaTeX Font Info:    Font shape `OT1/ptm/bx/n' in size <7> not available
(Font)              Font shape `OT1/ptm/b/n' tried instead on input line 1090.
LaTeX Font Info:    Font shape `OT1/ptm/bx/it' in size <7> not available
(Font)              Font shape `OT1/ptm/b/it' tried instead on input line 1090.
LaTeX Font Info:    Font shape `OT1/ptm/bx/n' in size <8> not available
(Font)              Font shape `OT1/ptm/b/n' tried instead on input line 1090.
LaTeX Font Info:    Font shape `OT1/ptm/bx/it' in size <8> not available
(Font)              Font shape `OT1/ptm/b/it' tried instead on input line 1090.
LaTeX Font Info:    Font shape `OT1/ptm/bx/n' in size <9> not available
(Font)              Font shape `OT1/ptm/b/n' tried instead on input line 1090.
LaTeX Font Info:    Font shape `OT1/ptm/bx/it' in size <9> not available
(Font)              Font shape `OT1/ptm/b/it' tried instead on input line 1090.
LaTeX Font Info:    Font shape `OT1/ptm/bx/n' in size <10> not available
(Font)              Font shape `OT1/ptm/b/n' tried instead on input line 1090.
LaTeX Font Info:    Font shape `OT1/ptm/bx/it' in size <10> not available
(Font)              Font shape `OT1/ptm/b/it' tried instead on input line 1090.
LaTeX Font Info:    Font shape `OT1/ptm/bx/n' in size <11> not available
(Font)              Font shape `OT1/ptm/b/n' tried instead on input line 1090.
LaTeX Font Info:    Font shape `OT1/ptm/bx/it' in size <11> not available
(Font)              Font shape `OT1/ptm/b/it' tried instead on input line 1090.
LaTeX Font Info:    Font shape `OT1/ptm/bx/n' in size <12> not available
(Font)              Font shape `OT1/ptm/b/n' tried instead on input line 1090.
LaTeX Font Info:    Font shape `OT1/ptm/bx/it' in size <12> not available
(Font)              Font shape `OT1/ptm/b/it' tried instead on input line 1090.
LaTeX Font Info:    Font shape `OT1/ptm/bx/n' in size <17> not available
(Font)              Font shape `OT1/ptm/b/n' tried instead on input line 1090.
LaTeX Font Info:    Font shape `OT1/ptm/bx/it' in size <17> not available
(Font)              Font shape `OT1/ptm/b/it' tried instead on input line 1090.
LaTeX Font Info:    Font shape `OT1/ptm/bx/n' in size <20> not available
(Font)              Font shape `OT1/ptm/b/n' tried instead on input line 1090.
LaTeX Font Info:    Font shape `OT1/ptm/bx/it' in size <20> not available
(Font)              Font shape `OT1/ptm/b/it' tried instead on input line 1090.
LaTeX Font Info:    Font shape `OT1/ptm/bx/n' in size <24> not available
(Font)              Font shape `OT1/ptm/b/n' tried instead on input line 1090.
LaTeX Font Info:    Font shape `OT1/ptm/bx/it' in size <24> not available
(Font)              Font shape `OT1/ptm/b/it' tried instead on input line 1090.
\IEEEquantizedlength=\dimen155
\IEEEquantizedlengthdiff=\dimen156
\IEEEquantizedtextheightdiff=\dimen157
\IEEEilabelindentA=\dimen158
\IEEEilabelindentB=\dimen159
\IEEEilabelindent=\dimen160
\IEEEelabelindent=\dimen161
\IEEEdlabelindent=\dimen162
\IEEElabelindent=\dimen163
\IEEEiednormlabelsep=\dimen164
\IEEEiedmathlabelsep=\dimen165
\IEEEiedtopsep=\skip49
\c@section=\count278
\c@subsection=\count279
\c@subsubsection=\count280
\c@paragraph=\count281
\c@IEEEsubequation=\count282
\abovecaptionskip=\skip50
\belowcaptionskip=\skip51
\c@figure=\count283
\c@table=\count284
\@IEEEeqnnumcols=\count285
\@IEEEeqncolcnt=\count286
\@IEEEsubeqnnumrollback=\count287
\@IEEEquantizeheightA=\dimen166
\@IEEEquantizeheightB=\dimen167
\@IEEEquantizeheightC=\dimen168
\@IEEEquantizeprevdepth=\dimen169
\@IEEEquantizemultiple=\count288
\@IEEEquantizeboxA=\box53
\@IEEEtmpitemindent=\dimen170
\IEEEPARstartletwidth=\dimen171
\c@IEEEbiography=\count289
\@IEEEtranrubishbin=\box54
) (c:/texlive/2026/texmf-dist/tex/latex/float/float.sty
Package: float 2001/11/08 v1.3d Float enhancements (AL)
\c@float@type=\count290
\float@exts=\toks18
\float@box=\box55
\@float@everytoks=\toks19
\@floatcapt=\box56
) (c:/texlive/2026/texmf-dist/tex/latex/graphics/color.sty
Package: color 2025/01/14 v1.3e Standard LaTeX Color (DPC)
 (c:/texlive/2026/texmf-dist/tex/latex/graphics-cfg/color.cfg
File: color.cfg 2016/01/02 v1.6 sample color configuration
)
Package color Info: Driver file: pdftex.def on input line 149.
 (c:/texlive/2026/texmf-dist/tex/latex/graphics-def/pdftex.def
File: pdftex.def 2025/09/29 v1.2d Graphics/color driver for pdftex
) (c:/texlive/2026/texmf-dist/tex/latex/graphics/mathcolor.ltx)) (c:/texlive/2026/texmf-dist/tex/latex/graphics/graphicx.sty
Package: graphicx 2024/12/31 v1.2e Enhanced LaTeX Graphics (DPC,SPQR)
 (c:/texlive/2026/texmf-dist/tex/latex/graphics/keyval.sty
Package: keyval 2022/05/29 v1.15 key=value parser (DPC)
\KV@toks@=\toks20
) (c:/texlive/2026/texmf-dist/tex/latex/graphics/graphics.sty
Package: graphics 2024/08/06 v1.4g Standard LaTeX Graphics (DPC,SPQR)
 (c:/texlive/2026/texmf-dist/tex/latex/graphics/trig.sty
Package: trig 2023/12/02 v1.11 sin cos tan (DPC)
) (c:/texlive/2026/texmf-dist/tex/latex/graphics-cfg/graphics.cfg
File: graphics.cfg 2016/06/04 v1.11 sample graphics configuration
)
Package graphics Info: Driver file: pdftex.def on input line 106.
)
\Gin@req@height=\dimen172
\Gin@req@width=\dimen173
) (c:/texlive/2026/texmf-dist/tex/latex/mathtools/mathtools.sty
Package: mathtools 2024/10/04 v1.31 mathematical typesetting tools
 (c:/texlive/2026/texmf-dist/tex/latex/tools/calc.sty
Package: calc 2025/03/01 v4.3b Infix arithmetic (KKT,FJ)
\calc@Acount=\count291
\calc@Bcount=\count292
\calc@Adimen=\dimen174
\calc@Bdimen=\dimen175
\calc@Askip=\skip52
\calc@Bskip=\skip53
LaTeX Info: Redefining \setlength on input line 86.
LaTeX Info: Redefining \addtolength on input line 87.
\calc@Ccount=\count293
\calc@Cskip=\skip54
) (c:/texlive/2026/texmf-dist/tex/latex/mathtools/mhsetup.sty
Package: mhsetup 2021/03/18 v1.4 programming setup (MH)
) (c:/texlive/2026/texmf-dist/tex/latex/amsmath/amsmath.sty
Package: amsmath 2025/07/09 v2.17z AMS math features
\@mathmargin=\skip55

For additional information on amsmath, use the `?' option.
(c:/texlive/2026/texmf-dist/tex/latex/amsmath/amstext.sty
Package: amstext 2024/11/17 v2.01 AMS text
 (c:/texlive/2026/texmf-dist/tex/latex/amsmath/amsgen.sty
File: amsgen.sty 1999/11/30 v2.0 generic functions
\@emptytoks=\toks21
\ex@=\dimen176
)) (c:/texlive/2026/texmf-dist/tex/latex/amsmath/amsbsy.sty
Package: amsbsy 1999/11/29 v1.2d Bold Symbols
\pmbraise@=\dimen177
) (c:/texlive/2026/texmf-dist/tex/latex/amsmath/amsopn.sty
Package: amsopn 2022/04/08 v2.04 operator names
)
\inf@bad=\count294
LaTeX Info: Redefining \frac on input line 233.
\uproot@=\count295
\leftroot@=\count296
LaTeX Info: Redefining \overline on input line 398.
LaTeX Info: Redefining \colon on input line 409.
\classnum@=\count297
\DOTSCASE@=\count298
LaTeX Info: Redefining \ldots on input line 495.
LaTeX Info: Redefining \dots on input line 498.
LaTeX Info: Redefining \cdots on input line 619.
\Mathstrutbox@=\box57
\strutbox@=\box58
LaTeX Info: Redefining \big on input line 721.
LaTeX Info: Redefining \Big on input line 722.
LaTeX Info: Redefining \bigg on input line 723.
LaTeX Info: Redefining \Bigg on input line 724.
\big@size=\dimen178
LaTeX Font Info:    Redeclaring font encoding OML on input line 742.
LaTeX Font Info:    Redeclaring font encoding OMS on input line 743.
\macc@depth=\count299
LaTeX Info: Redefining \bmod on input line 904.
LaTeX Info: Redefining \pmod on input line 909.
LaTeX Info: Redefining \smash on input line 939.
LaTeX Info: Redefining \relbar on input line 969.
LaTeX Info: Redefining \Relbar on input line 970.
\c@MaxMatrixCols=\count300
\dotsspace@=\muskip17
\c@parentequation=\count301
\dspbrk@lvl=\count302
\tag@help=\toks22
\row@=\count303
\column@=\count304
\maxfields@=\count305
\andhelp@=\toks23
\eqnshift@=\dimen179
\alignsep@=\dimen180
\tagshift@=\dimen181
\tagwidth@=\dimen182
\totwidth@=\dimen183
\lineht@=\dimen184
\@envbody=\toks24
\multlinegap=\skip56
\multlinetaggap=\skip57
\mathdisplay@stack=\toks25
LaTeX Info: Redefining \[ on input line 2950.
LaTeX Info: Redefining \] on input line 2951.
)
\g_MT_multlinerow_int=\count306
\l_MT_multwidth_dim=\dimen185
\origjot=\skip58
\l_MT_shortvdotswithinadjustabove_dim=\dimen186
\l_MT_shortvdotswithinadjustbelow_dim=\dimen187
\l_MT_above_intertext_sep=\dimen188
\l_MT_below_intertext_sep=\dimen189
\l_MT_above_shortintertext_sep=\dimen190
\l_MT_below_shortintertext_sep=\dimen191
\xmathstrut@box=\box59
\xmathstrut@dim=\dimen192
) (c:/texlive/2026/texmf-dist/tex/latex/amsfonts/amssymb.sty
Package: amssymb 2013/01/14 v3.01 AMS font symbols
 (c:/texlive/2026/texmf-dist/tex/latex/amsfonts/amsfonts.sty
Package: amsfonts 2013/01/14 v3.01 Basic AMSFonts support
\symAMSa=\mathgroup4
\symAMSb=\mathgroup5
LaTeX Font Info:    Redeclaring math symbol \hbar on input line 98.
LaTeX Font Info:    Overwriting math alphabet `\mathfrak' in version `bold'
(Font)                  U/euf/m/n --> U/euf/b/n on input line 106.
)) (c:/texlive/2026/texmf-dist/tex/latex/amscls/amsthm.sty
Package: amsthm 2020/05/29 v2.20.6
\thm@style=\toks26
\thm@bodyfont=\toks27
\thm@headfont=\toks28
\thm@notefont=\toks29
\thm@headpunct=\toks30
\thm@preskip=\skip59
\thm@postskip=\skip60
\thm@headsep=\skip61
\dth@everypar=\toks31
)
\c@theorem=\count307
\c@proposition=\count308
\c@lemma=\count309
\c@corollary=\count310
\c@definition=\count311
 (c:/texlive/2026/texmf-dist/tex/latex/subfig/subfig.sty
Package: subfig 2005/06/28 ver: 1.3 subfig package
 (c:/texlive/2026/texmf-dist/tex/latex/caption/caption3.sty
Package: caption3 2023/07/31 v2.4d caption3 kernel (AR)
\caption@tempdima=\dimen193
\captionmargin=\dimen194
\caption@leftmargin=\dimen195
\caption@rightmargin=\dimen196
\caption@width=\dimen197
\caption@indent=\dimen198
\caption@parindent=\dimen199
\caption@hangindent=\dimen256
Package caption Info: Unknown document class (or package),
(caption)             standard defaults will be used.
Package caption Info: \@makecaption = \long macro:#1#2->\ifx \@captype \@IEEEtablestring \footnotesize \bgroup \par \centering \@IEEEtabletopskipstrut {\normalfont \footnotesize #1}\\{\normalfont \footnotesize \scshape #2}\par \addvspace {0.5\baselineskip }\egroup \@IEEEtablecaptionsepspace \else \@IEEEfigurecaptionsepspace \setbox \@tempboxa \hbox {\normalfont \footnotesize {#1.}\nobreakspace \nobreakspace #2}\ifdim \wd \@tempboxa >\hsize \setbox \@tempboxa \hbox {\normalfont \footnotesize {#1.}\nobreakspace \nobreakspace }\parbox [t]{\hsize }{\normalfont \footnotesize \noindent \unhbox \@tempboxa #2}\else \ifCLASSOPTIONconference \hbox to\hsize {\normalfont \footnotesize \hfil \box \@tempboxa \hfil }\else \hbox to\hsize {\normalfont \footnotesize \box \@tempboxa \hfil }\fi \fi \fi  on input line 1175.
)
\c@KVtest=\count312
\sf@farskip=\skip62
\sf@captopadj=\dimen257
\sf@capskip=\skip63
\sf@nearskip=\skip64
\c@subfigure=\count313
\c@subfigure@save=\count314
\c@lofdepth=\count315
\c@subtable=\count316
\c@subtable@save=\count317
\c@lotdepth=\count318
\sf@top=\skip65
\sf@bottom=\skip66
) (c:/texlive/2026/texmf-dist/tex/latex/preprint/balance.sty
Package: balance 1999/02/23 4.3 (PWD)
\oldvsize=\dimen258
) (c:/texlive/2026/texmf-dist/tex/latex/cite/cite.sty
LaTeX Info: Redefining \cite on input line 302.
LaTeX Info: Redefining \nocite on input line 332.
Package: cite 2015/02/27  v 5.5
) (c:/texlive/2026/texmf-dist/tex/latex/epstopdf-pkg/epstopdf.sty
Package: epstopdf 2020-01-24 v2.11 Conversion with epstopdf on the fly (HO)
 (c:/texlive/2026/texmf-dist/tex/generic/infwarerr/infwarerr.sty
Package: infwarerr 2019/12/03 v1.5 Providing info/warning/error messages (HO)
) (c:/texlive/2026/texmf-dist/tex/latex/grfext/grfext.sty
Package: grfext 2019/12/03 v1.3 Manage graphics extensions (HO)
 (c:/texlive/2026/texmf-dist/tex/generic/kvdefinekeys/kvdefinekeys.sty
Package: kvdefinekeys 2019-12-19 v1.6 Define keys (HO)
)) (c:/texlive/2026/texmf-dist/tex/latex/kvoptions/kvoptions.sty
Package: kvoptions 2022-06-15 v3.15 Key value format for package options (HO)
 (c:/texlive/2026/texmf-dist/tex/generic/ltxcmds/ltxcmds.sty
Package: ltxcmds 2023-12-04 v1.26 LaTeX kernel commands for general use (HO)
) (c:/texlive/2026/texmf-dist/tex/latex/kvsetkeys/kvsetkeys.sty
Package: kvsetkeys 2022-10-05 v1.19 Key value parser (HO)
)) (c:/texlive/2026/texmf-dist/tex/generic/pdftexcmds/pdftexcmds.sty
Package: pdftexcmds 2020-06-27 v0.33 Utility functions of pdfTeX for LuaTeX (HO)
 (c:/texlive/2026/texmf-dist/tex/generic/iftex/iftex.sty
Package: iftex 2024/12/12 v1.0g TeX engine tests
)
Package pdftexcmds Info: \pdf@primitive is available.
Package pdftexcmds Info: \pdf@ifprimitive is available.
Package pdftexcmds Info: \pdfdraftmode found.
) (c:/texlive/2026/texmf-dist/tex/latex/epstopdf-pkg/epstopdf-base.sty
Package: epstopdf-base 2020-01-24 v2.11 Base part for package epstopdf
Package epstopdf-base Info: Redefining graphics rule for `.eps' on input line 485.
Package grfext Info: Graphics extension search list:
(grfext)             [.pdf,.png,.jpg,.mps,.jpeg,.jbig2,.jb2,.PDF,.PNG,.JPG,.JPEG,.JBIG2,.JB2,.eps]
(grfext)             \AppendGraphicsExtensions on input line 504.
 (c:/texlive/2026/texmf-dist/tex/latex/latexconfig/epstopdf-sys.cfg
File: epstopdf-sys.cfg 2010/07/13 v1.3 Configuration of (r)epstopdf for TeX Live
))) (c:/texlive/2026/texmf-dist/tex/latex/psfrag/psfrag.sty
Package: psfrag 1998/04/11 v3.04 PSfrag (MCG)
\pfg@pcount=\count319
\pfg@scount=\count320
\pfg@temp=\write3
) (c:/texlive/2026/texmf-dist/tex/latex/pst-pdf/pst-pdf.sty
Package: pst-pdf 2020/10/10 v1.2f PS graphics for pdfLaTeX (RN,HjG)
 (c:/texlive/2026/texmf-dist/tex/generic/iftex/ifpdf.sty
Package: ifpdf 2019/10/25 v3.4 ifpdf legacy package. Use iftex instead.
) (c:/texlive/2026/texmf-dist/tex/generic/iftex/ifxetex.sty
Package: ifxetex 2019/10/25 v0.7 ifxetex legacy package. Use iftex instead.
) (c:/texlive/2026/texmf-dist/tex/generic/iftex/ifvtex.sty
Package: ifvtex 2019/10/25 v1.7 ifvtex legacy package. Use iftex instead.
) (c:/texlive/2026/texmf-dist/tex/generic/luatex85/luatex85.sty
Package: luatex85 2016/06/15 v1.4 pdftex aliases for luatex
)
\c@pspicture=\count321
Package pst-pdf Info: MODE: 1 (pdfTeX mode) on input line 213.
 (c:/texlive/2026/texmf-dist/tex/latex/pstricks/pstricks.sty
Package: pstricks 2024/02/02 v0.75 LaTeX wrapper for `PSTricks' (RN,HV)
 (c:/texlive/2026/texmf-dist/tex/latex/xcolor/xcolor.sty
Package: xcolor 2024/09/29 v3.02 LaTeX color extensions (UK)
 (c:/texlive/2026/texmf-dist/tex/latex/graphics-cfg/color.cfg
File: color.cfg 2016/01/02 v1.6 sample color configuration
)
Package xcolor Info: Driver file: pdftex.def on input line 274.
LaTeX Info: Redefining \color on input line 762.
 (c:/texlive/2026/texmf-dist/tex/latex/graphics/mathcolor.ltx)
Package xcolor Info: Model `cmy' substituted by `cmy0' on input line 1349.
Package xcolor Info: Model `hsb' substituted by `rgb' on input line 1353.
Package xcolor Info: Model `RGB' extended on input line 1365.
Package xcolor Info: Model `HTML' substituted by `rgb' on input line 1367.
Package xcolor Info: Model `Hsb' substituted by `hsb' on input line 1368.
Package xcolor Info: Model `tHsb' substituted by `hsb' on input line 1369.
Package xcolor Info: Model `HSB' substituted by `hsb' on input line 1370.
Package xcolor Info: Model `Gray' substituted by `gray' on input line 1371.
Package xcolor Info: Model `wave' substituted by `hsb' on input line 1372.
) (c:/texlive/2026/texmf-dist/tex/generic/xkeyval/pst-xkey.tex
File: pst-xkey.tex 2005/11/25 v1.6 PSTricks specialization of xkeyval (HA)
 (c:/texlive/2026/texmf-dist/tex/latex/xkeyval/xkeyval.sty
Package: xkeyval 2025/11/04 v2.10 package option processing (HA)
 (c:/texlive/2026/texmf-dist/tex/generic/xkeyval/xkeyval.tex (c:/texlive/2026/texmf-dist/tex/generic/xkeyval/xkvutils.tex
\XKV@toks=\toks32
\XKV@tempa@toks=\toks33
\XKV@tempb@toks=\toks34
)
\XKV@depth=\count322
File: xkeyval.tex 2014/12/03 v2.7a key=value parser (HA)
))) (c:/texlive/2026/texmf-dist/tex/generic/pstricks/pstricks.tex (c:/texlive/2026/texmf-dist/tex/generic/pstricks/pst-fp.tex `pst-fp' v0.06, 2020/11/20 (hv)
\pstFP@xs=\count323
\pstFP@xia=\count324
\pstFP@xib=\count325
\pstFP@xfa=\count326
\pstFP@xfb=\count327
\pstFP@rega=\count328
\pstFP@regb=\count329
\pstFP@regs=\count330
\pstFP@times=\count331
) (c:/texlive/2026/texmf-dist/tex/latex/pgf/utilities/pgffor.sty (c:/texlive/2026/texmf-dist/tex/latex/pgf/utilities/pgfrcs.sty (c:/texlive/2026/texmf-dist/tex/generic/pgf/utilities/pgfutil-common.tex
\pgfutil@everybye=\toks35
\pgfutil@tempdima=\dimen259
\pgfutil@tempdimb=\dimen260
) (c:/texlive/2026/texmf-dist/tex/generic/pgf/utilities/pgfutil-latex.def
\pgfutil@abb=\box60
) (c:/texlive/2026/texmf-dist/tex/generic/pgf/utilities/pgfrcs.code.tex (c:/texlive/2026/texmf-dist/tex/generic/pgf/pgf.revision.tex)
Package: pgfrcs 2025-08-29 v3.1.11a (3.1.11a)
)) (c:/texlive/2026/texmf-dist/tex/latex/pgf/utilities/pgfkeys.sty (c:/texlive/2026/texmf-dist/tex/generic/pgf/utilities/pgfkeys.code.tex
\pgfkeys@pathtoks=\toks36
\pgfkeys@temptoks=\toks37
 (c:/texlive/2026/texmf-dist/tex/generic/pgf/utilities/pgfkeyslibraryfiltered.code.tex
\pgfkeys@tmptoks=\toks38
))) (c:/texlive/2026/texmf-dist/tex/latex/pgf/math/pgfmath.sty (c:/texlive/2026/texmf-dist/tex/generic/pgf/math/pgfmath.code.tex (c:/texlive/2026/texmf-dist/tex/generic/pgf/math/pgfmathutil.code.tex
\pgf@x=\dimen261
\pgf@xa=\dimen262
\pgf@xb=\dimen263
\pgf@xc=\dimen264
\pgf@y=\dimen265
\pgf@ya=\dimen266
\pgf@yb=\dimen267
\pgf@yc=\dimen268
\c@pgf@counta=\count332
\c@pgf@countb=\count333
\c@pgf@countc=\count334
\c@pgf@countd=\count335
) (c:/texlive/2026/texmf-dist/tex/generic/pgf/math/pgfmathparser.code.tex
\pgfmath@dimen=\dimen269
\pgfmath@count=\count336
\pgfmath@box=\box61
\pgfmath@toks=\toks39
\pgfmath@stack@operand=\toks40
\pgfmath@stack@operation=\toks41
) (c:/texlive/2026/texmf-dist/tex/generic/pgf/math/pgfmathfunctions.code.tex) (c:/texlive/2026/texmf-dist/tex/generic/pgf/math/pgfmathfunctions.basic.code.tex) (c:/texlive/2026/texmf-dist/tex/generic/pgf/math/pgfmathfunctions.trigonometric.code.tex) (c:/texlive/2026/texmf-dist/tex/generic/pgf/math/pgfmathfunctions.random.code.tex) (c:/texlive/2026/texmf-dist/tex/generic/pgf/math/pgfmathfunctions.comparison.code.tex) (c:/texlive/2026/texmf-dist/tex/generic/pgf/math/pgfmathfunctions.base.code.tex) (c:/texlive/2026/texmf-dist/tex/generic/pgf/math/pgfmathfunctions.round.code.tex) (c:/texlive/2026/texmf-dist/tex/generic/pgf/math/pgfmathfunctions.misc.code.tex) (c:/texlive/2026/texmf-dist/tex/generic/pgf/math/pgfmathfunctions.integerarithmetics.code.tex) (c:/texlive/2026/texmf-dist/tex/generic/pgf/math/pgfmathcalc.code.tex) (c:/texlive/2026/texmf-dist/tex/generic/pgf/math/pgfmathfloat.code.tex
\c@pgfmathroundto@lastzeros=\count337
))) (c:/texlive/2026/texmf-dist/tex/generic/pgf/utilities/pgffor.code.tex
Package: pgffor 2025-08-29 v3.1.11a (3.1.11a)
\pgffor@iter=\dimen270
\pgffor@skip=\dimen271
\pgffor@stack=\toks42
\pgffor@toks=\toks43
))
\psLoopIndex=\count338

`PSTricks' v3.22A  <2025/12/13> (tvz,hv)
\pst@dima=\dimen272
\pst@dimb=\dimen273
\pst@dimc=\dimen274
\pst@dimd=\dimen275
\pst@dimg=\dimen276
\pst@dimh=\dimen277
\pst@dimm=\dimen278
\pst@dimn=\dimen279
\pst@dimo=\dimen280
\pst@dimp=\dimen281
\pst@hbox=\box62
\pst@ibox=\box63
\pst@boxg=\box64
\pst@cnta=\count339
\pst@cntb=\count340
\pst@cntc=\count341
\pst@cntd=\count342
\pst@cntg=\count343
\pst@cnth=\count344
\pst@cntm=\count345
\pst@cntn=\count346
\pst@cnto=\count347
\pst@cntp=\count348
\@zero=\count349
\pst@toks=\toks44
--- We are running latex or xelatex ---
(c:/texlive/2026/texmf-dist/tex/generic/pstricks/pstricks.con) (c:/texlive/2026/texmf-dist/tex/generic/pstricks/pstricks-color.tex)
\psunit=\dimen282
\psxunit=\dimen283
\psyunit=\dimen284
\pst@C@@rType=\count350
\pslinewidth=\dimen285
\psk@startLW=\dimen286
\psk@endLW=\dimen287
 (c:/texlive/2026/texmf-dist/tex/generic/pstricks/pstricks-arrows.tex
\pshooklength=\dimen288
\pshookwidth=\dimen289
)
\pst@customdefs=\toks45
 (c:/texlive/2026/texmf-dist/tex/generic/pstricks/pstricks-dots.tex)
\pslinearc=\dimen290
\pst@symbolStep=\dimen291
\pst@symbolWidth=\dimen292
\pst@symbolLinewidth=\dimen293
 (c:/texlive/2026/texmf-dist/tex/generic/pstricks/pst-code-grid.tex) (c:/texlive/2026/texmf-dist/tex/generic/pstricks/pst-code-box.tex
\everypsbox=\toks46
\psframesep=\dimen294
) (c:/texlive/2026/texmf-dist/tex/generic/pstricks/pst-code-arc.tex) (c:/texlive/2026/texmf-dist/tex/generic/pstricks/pst-code-circle_ellipse.tex) (c:/texlive/2026/texmf-dist/tex/generic/pstricks/pst-code-ref_rot.tex) (c:/texlive/2026/texmf-dist/tex/generic/pstricks/pst-code-put.tex
\pslabelsep=\dimen295
) (c:/texlive/2026/texmf-dist/tex/generic/pstricks/pst-code-pspicture.tex
\sh@wgridXunit=\dimen296
\sh@wgridYunit=\dimen297
\pst@shift=\dimen298
\ps@imagectr=\count351
) (c:/texlive/2026/texmf-dist/tex/generic/pstricks/pstricks.con))
File: pstricks.tex 2025/12/13 v3.22A `PSTricks' (tvz,hv)
 (c:/texlive/2026/texmf-dist/tex/generic/pstricks/pst-fp.tex `pst-fp' v0.06, 2020/11/20 (hv))
File: pst-fp.tex 2020/11/20 v0.06 `PST-fp' (hv)
)
\ppf@output=\toks47
 (c:/texlive/2026/texmf-dist/tex/latex/preview/preview.sty
Package: preview 2024/06/30 14.0.6 (AUCTeX/preview-latex)
\pr@snippet=\count352
\pr@box=\box65
\pr@output=\toks48
) (c:/texlive/2026/texmf-dist/tex/latex/environ/environ.sty
Package: environ 2014/05/04 v0.3 A new way to define environments
 (c:/texlive/2026/texmf-dist/tex/latex/trimspaces/trimspaces.sty
Package: trimspaces 2009/09/17 v1.1 Trim spaces around a token list
))) (c:/texlive/2026/texmf-dist/tex/latex/acronym/acronym.sty
Package: acronym 2025/01/17 v1.50 Support for acronyms (Tobias Oetiker)
 (c:/texlive/2026/texmf-dist/tex/latex/bigfoot/suffix.sty
Package: suffix 2006/07/15 1.5a Variant command support
) (c:/texlive/2026/texmf-dist/tex/generic/xstring/xstring.sty (c:/texlive/2026/texmf-dist/tex/generic/xstring/xstring.tex
\xs_counta=\count353
\xs_countb=\count354
)
Package: xstring 2023/08/22 v1.86 String manipulations (CT)
)
\AC@clearlist=\toks49
) (c:/texlive/2026/texmf-dist/tex/latex/algorithmicx/algcompatible.sty
Package: algcompatible 
 (c:/texlive/2026/texmf-dist/tex/latex/base/ifthen.sty
Package: ifthen 2024/03/16 v1.1e Standard LaTeX ifthen package (DPC)
) (c:/texlive/2026/texmf-dist/tex/latex/algorithmicx/algorithmicx.sty
Package: algorithmicx 2005/04/27 v1.2 Algorithmicx

Document Style algorithmicx 1.2 - a greatly improved `algorithmic' style
\c@ALG@line=\count355
\c@ALG@rem=\count356
\c@ALG@nested=\count357
\ALG@tlm=\skip67
\ALG@thistlm=\skip68
\c@ALG@Lnr=\count358
\c@ALG@blocknr=\count359
\c@ALG@storecount=\count360
\c@ALG@tmpcounter=\count361
\ALG@tmplength=\skip69
)
Document Style - algorithmic compatible environments for the `algorithmicx' style
) (c:/texlive/2026/texmf-dist/tex/latex/algorithms/algorithm.sty
Package: algorithm 2009/08/24 v0.1 Document Style `algorithm' - floating environment
\@float@every@algorithm=\toks50
\c@algorithm=\count362
) (c:/texlive/2026/texmf-dist/tex/latex/doublestroke/dsfont.sty
Package: dsfont 1995/08/01 v0.1 Double stroke roman fonts
) (c:/texlive/2026/texmf-dist/tex/latex/algorithmicx/algpseudocode.sty
Package: algpseudocode 

Document Style - pseudocode environments for use with the `algorithmicx' style
)
\c@phase=\count363
\phaserulewidth=\skip70
 (c:/texlive/2026/texmf-dist/tex/latex/hyperref/hyperref.sty
Package: hyperref 2026-01-29 v7.01p Hypertext links for LaTeX
 (c:/texlive/2026/texmf-dist/tex/generic/pdfescape/pdfescape.sty
Package: pdfescape 2019/12/09 v1.15 Implements pdfTeX's escape features (HO)
) (c:/texlive/2026/texmf-dist/tex/latex/hycolor/hycolor.sty
Package: hycolor 2020-01-27 v1.10 Color options for hyperref/bookmark (HO)
) (c:/texlive/2026/texmf-dist/tex/latex/hyperref/nameref.sty
Package: nameref 2026-01-29 v2.58 Cross-referencing by name of section
 (c:/texlive/2026/texmf-dist/tex/latex/refcount/refcount.sty
Package: refcount 2019/12/15 v3.6 Data extraction from label references (HO)
) (c:/texlive/2026/texmf-dist/tex/generic/gettitlestring/gettitlestring.sty
Package: gettitlestring 2019/12/15 v1.6 Cleanup title references (HO)
)
\c@section@level=\count364
) (c:/texlive/2026/texmf-dist/tex/latex/etoolbox/etoolbox.sty
Package: etoolbox 2025/10/02 v2.5m e-TeX tools for LaTeX (JAW)
\etb@tempcnta=\count365
) (c:/texlive/2026/texmf-dist/tex/generic/stringenc/stringenc.sty
Package: stringenc 2019/11/29 v1.12 Convert strings between diff. encodings (HO)
)
\@linkdim=\dimen299
\Hy@linkcounter=\count366
\Hy@pagecounter=\count367
 (c:/texlive/2026/texmf-dist/tex/latex/hyperref/pd1enc.def
File: pd1enc.def 2026-01-29 v7.01p Hyperref: PDFDocEncoding definition (HO)
Now handling font encoding PD1 ...
... no UTF-8 mapping file for font encoding PD1
) (c:/texlive/2026/texmf-dist/tex/generic/intcalc/intcalc.sty
Package: intcalc 2019/12/15 v1.3 Expandable calculations with integers (HO)
)
\Hy@SavedSpaceFactor=\count368
 (c:/texlive/2026/texmf-dist/tex/latex/hyperref/puenc.def
File: puenc.def 2026-01-29 v7.01p Hyperref: PDF Unicode definition (HO)
Now handling font encoding PU ...
... no UTF-8 mapping file for font encoding PU
)
Package hyperref Info: Hyper figures OFF on input line 4201.
Package hyperref Info: Link nesting OFF on input line 4206.
Package hyperref Info: Hyper index ON on input line 4209.
Package hyperref Info: Plain pages OFF on input line 4216.
Package hyperref Info: Backreferencing OFF on input line 4221.
Package hyperref Info: Implicit mode ON; LaTeX internals redefined.
Package hyperref Info: Bookmarks ON on input line 4468.
\c@Hy@tempcnt=\count369
 (c:/texlive/2026/texmf-dist/tex/latex/url/url.sty
\Urlmuskip=\muskip18
Package: url 2013/09/16  ver 3.4  Verb mode for urls, etc.
)
LaTeX Info: Redefining \url on input line 4807.
\XeTeXLinkMargin=\dimen300
 (c:/texlive/2026/texmf-dist/tex/generic/bitset/bitset.sty
Package: bitset 2019/12/09 v1.3 Handle bit-vector datatype (HO)
 (c:/texlive/2026/texmf-dist/tex/generic/bigintcalc/bigintcalc.sty
Package: bigintcalc 2019/12/15 v1.5 Expandable calculations on big integers (HO)
))
\Fld@menulength=\count370
\Field@Width=\dimen301
\Fld@charsize=\dimen302
Package hyperref Info: Hyper figures OFF on input line 6084.
Package hyperref Info: Link nesting OFF on input line 6089.
Package hyperref Info: Hyper index ON on input line 6092.
Package hyperref Info: backreferencing OFF on input line 6099.
Package hyperref Info: Link coloring OFF on input line 6104.
Package hyperref Info: Link coloring with OCG OFF on input line 6109.
Package hyperref Info: PDF/A mode OFF on input line 6114.
\Hy@abspage=\count371
\c@Item=\count372
\c@Hfootnote=\count373
)
Package hyperref Info: Driver (autodetected): hpdftex.
 (c:/texlive/2026/texmf-dist/tex/latex/hyperref/hpdftex.def
File: hpdftex.def 2026-01-29 v7.01p Hyperref driver for pdfTeX
\Fld@listcount=\count374
\c@bookmark@seq@number=\count375
 (c:/texlive/2026/texmf-dist/tex/latex/rerunfilecheck/rerunfilecheck.sty
Package: rerunfilecheck 2025-06-21 v1.11 Rerun checks for auxiliary files (HO)
 (c:/texlive/2026/texmf-dist/tex/generic/uniquecounter/uniquecounter.sty
Package: uniquecounter 2019/12/15 v1.4 Provide unlimited unique counter (HO)
)
Package uniquecounter Info: New unique counter `rerunfilecheck' on input line 284.
)
\Hy@SectionHShift=\skip71
) (./acronyms.tex) (c:/texlive/2026/texmf-dist/tex/latex/l3backend/l3backend-pdftex.def
File: l3backend-pdftex.def 2025-10-09 L3 backend support: PDF output (pdfTeX)
\l__color_backend_stack_int=\count376
)

LaTeX Warning: Unused global option(s):
    [lettersize].

(c:/Users/Owner/Documents/UVSQ/simulation_VLP/Grid_of_Beams/A Novel Terabit Grid-of-Beam Optical/build/Hossein_TCOM_Final_arXiv.aux)
\openout1 = `Hossein_TCOM_Final_arXiv.aux'.

LaTeX Font Info:    Checking defaults for OML/cmm/m/it on input line 66.
LaTeX Font Info:    ... okay on input line 66.
LaTeX Font Info:    Checking defaults for OMS/cmsy/m/n on input line 66.
LaTeX Font Info:    ... okay on input line 66.
LaTeX Font Info:    Checking defaults for OT1/cmr/m/n on input line 66.
LaTeX Font Info:    ... okay on input line 66.
LaTeX Font Info:    Checking defaults for T1/cmr/m/n on input line 66.
LaTeX Font Info:    ... okay on input line 66.
LaTeX Font Info:    Checking defaults for TS1/cmr/m/n on input line 66.
LaTeX Font Info:    ... okay on input line 66.
LaTeX Font Info:    Checking defaults for OMX/cmex/m/n on input line 66.
LaTeX Font Info:    ... okay on input line 66.
LaTeX Font Info:    Checking defaults for U/cmr/m/n on input line 66.
LaTeX Font Info:    ... okay on input line 66.
LaTeX Font Info:    Checking defaults for PD1/pdf/m/n on input line 66.
LaTeX Font Info:    ... okay on input line 66.
LaTeX Font Info:    Checking defaults for PU/pdf/m/n on input line 66.
LaTeX Font Info:    ... okay on input line 66.

-- Lines per column: 58 (exact).
(c:/texlive/2026/texmf-dist/tex/context/base/mkii/supp-pdf.mkii
[Loading MPS to PDF converter (version 2006.09.02).]
\scratchcounter=\count377
\scratchdimen=\dimen303
\scratchbox=\box66
\nofMPsegments=\count378
\nofMParguments=\count379
\everyMPshowfont=\toks51
\MPscratchCnt=\count380
\MPscratchDim=\dimen304
\MPnumerator=\count381
\makeMPintoPDFobject=\count382
\everyMPtoPDFconversion=\toks52
)
Package caption Info: Begin \AtBeginDocument code.
Package caption Info: subfig package v1.3 is loaded.
Package caption Info: End \AtBeginDocument code.

Preview: Fontsize 10pt
Preview: PDFoutput 1
Package hyperref Info: Link coloring OFF on input line 66.
(c:/Users/Owner/Documents/UVSQ/simulation_VLP/Grid_of_Beams/A Novel Terabit Grid-of-Beam Optical/build/Hossein_TCOM_Final_arXiv.out) (c:/Users/Owner/Documents/UVSQ/simulation_VLP/Grid_of_Beams/A Novel Terabit Grid-of-Beam Optical/build/Hossein_TCOM_Final_arXiv.out)
\@outlinefile=\write4
\openout4 = `Hossein_TCOM_Final_arXiv.out'.

LaTeX Font Info:    Trying to load font information for U+msa on input line 79.
 (c:/texlive/2026/texmf-dist/tex/latex/amsfonts/umsa.fd
File: umsa.fd 2013/01/14 v3.01 AMS symbols A
)
LaTeX Font Info:    Trying to load font information for U+msb on input line 79.
 (c:/texlive/2026/texmf-dist/tex/latex/amsfonts/umsb.fd
File: umsb.fd 2013/01/14 v3.01 AMS symbols B
)
Package acronym Info: Label `acro:UHD' newly defined as it shall be overridden
although it is yet undefined on input line 92.
Package acronym Info: Label `acro:3D' newly defined as it shall be overridden
although it is yet undefined on input line 92.
Package acronym Info: Label `acro:VR' newly defined as it shall be overridden
although it is yet undefined on input line 92.
Package acronym Info: Label `acro:AR' newly defined as it shall be overridden
although it is yet undefined on input line 92.
Package acronym Info: Label `acro:Tb{/}s' newly defined as it shall be overridden
although it is yet undefined on input line 92.
Package acronym Info: Label `acro:6G' newly defined as it shall be overridden
although it is yet undefined on input line 92.
Package acronym Info: Label `acro:IR' newly defined as it shall be overridden
although it is yet undefined on input line 94.
Package acronym Info: Label `acro:2D' newly defined as it shall be overridden
although it is yet undefined on input line 94.
Package acronym Info: Label `acro:PAM' newly defined as it shall be overridden
although it is yet undefined on input line 94.
Package acronym Info: Label `acro:DMT' newly defined as it shall be overridden
although it is yet undefined on input line 94.
Package acronym Info: Label `acro:AWGR' newly defined as it shall be overridden
although it is yet undefined on input line 94.
Package acronym Info: Label `acro:SMF' newly defined as it shall be overridden
although it is yet undefined on input line 94.
Package acronym Info: Label `acro:OOK' newly defined as it shall be overridden
although it is yet undefined on input line 94.
Package acronym Info: Label `acro:MIMO' newly defined as it shall be overridden
although it is yet undefined on input line 96.
Package acronym Info: Label `acro:LED' newly defined as it shall be overridden
although it is yet undefined on input line 96.
Package acronym Info: Label `acro:AP' newly defined as it shall be overridden
although it is yet undefined on input line 96.
Package acronym Info: Label `acro:BDMA' newly defined as it shall be overridden
although it is yet undefined on input line 96.
Package acronym Info: Label `acro:SNR' newly defined as it shall be overridden
although it is yet undefined on input line 96.
 [1
Non-PDF special ignored!
<special> header=psfrag.pro
{c:/texlive/2026/texmf-var/fonts/map/pdftex/updmap/pdftex.map}{c:/texlive/2026/texmf-dist/fonts/enc/dvips/base/8r.enc}


Non-PDF special ignored!
<special> ps: /pssetRGBcolor /setrgbcolor load def /pssetCMYKcolor /setcmyk...
Non-PDF special ignored!
<special> ps:tx@Dict begin  gsave STV CP T /ps@rot 0 def grestore  end
Non-PDF special ignored!
<special> ps:tx@Dict begin  gsave STV CP T /ps@refangle 0.  def grestore  e...

]
Package acronym Info: Label `acro:VCSEL' newly defined as it shall be overridden
although it is yet undefined on input line 98.
Package acronym Info: Label `acro:FEC' newly defined as it shall be overridden
although it is yet undefined on input line 98.
Package acronym Info: Label `acro:BER' newly defined as it shall be overridden
although it is yet undefined on input line 98.
Package acronym Info: Label `acro:GoB' newly defined as it shall be overridden
although it is yet undefined on input line 100.
Package acronym Info: Label `acro:ADR' newly defined as it shall be overridden
although it is yet undefined on input line 100.
Package acronym Info: Label `acro:CPC' newly defined as it shall be overridden
although it is yet undefined on input line 100.
Package acronym Info: Label `acro:PD' newly defined as it shall be overridden
although it is yet undefined on input line 100.
Package acronym Info: Label `acro:CoMB' newly defined as it shall be overridden
although it is yet undefined on input line 104.
Package acronym Info: Label `acro:JT' newly defined as it shall be overridden
although it is yet undefined on input line 104.
Package acronym Info: Label `acro:SINR' newly defined as it shall be overridden
although it is yet undefined on input line 105.
Package acronym Info: Label `acro:NOMA' newly defined as it shall be overridden
although it is yet undefined on input line 105.
Package acronym Info: Label `acro:OFDMA' newly defined as it shall be overridden
although it is yet undefined on input line 105.
Package acronym Info: Label `acro:MRC' newly defined as it shall be overridden
although it is yet undefined on input line 105.
Package acronym Info: Label `acro:UE' newly defined as it shall be overridden
although it is yet undefined on input line 106.
Package acronym Info: Label `acro:TEM' newly defined as it shall be overridden
although it is yet undefined on input line 117.
 [2]
<AccessNetworkArchitecture.pdf, id=219, 456.70625pt x 376.40625pt>
File: AccessNetworkArchitecture.pdf Graphic file (type pdf)
<use AccessNetworkArchitecture.pdf>
Package pdftex.def Info: AccessNetworkArchitecture.pdf  used on input line 170.
(pdftex.def)             Requested size: 232.19843pt x 191.37306pt.


LaTeX Warning: Reference `sub@Fig:AP_a' on page 3 undefined on input line 176.


LaTeX Warning: Reference `sub@Fig:AP_b' on page 3 undefined on input line 176.

<Tx_topview_shaded3.pdf, id=221, 206.7725pt x 198.7425pt>
File: Tx_topview_shaded3.pdf Graphic file (type pdf)
<use Tx_topview_shaded3.pdf>
Package pdftex.def Info: Tx_topview_shaded3.pdf  used on input line 180.
(pdftex.def)             Requested size: 108.61713pt x 104.39575pt.
<Tx_topview_detailed2.pdf, id=222, 172.645pt x 165.61874pt>
File: Tx_topview_detailed2.pdf Graphic file (type pdf)
<use Tx_topview_detailed2.pdf>
Package pdftex.def Info: Tx_topview_detailed2.pdf  used on input line 181.
(pdftex.def)             Requested size: 108.82486pt x 104.39575pt.
<3DSnellLaw.pdf, id=231, 289.08pt x 271.0125pt>
File: 3DSnellLaw.pdf Graphic file (type pdf)
<use 3DSnellLaw.pdf>
Package pdftex.def Info: 3DSnellLaw.pdf  used on input line 226.
(pdftex.def)             Requested size: 232.19843pt x 217.68283pt.
[3 <./AccessNetworkArchitecture.pdf> <./Tx_topview_shaded3.pdf> <./Tx_topview_detailed2.pdf>]
<GaussianBeamTransformation_VirtualImage.pdf, id=534, 515.9275pt x 203.76125pt>
File: GaussianBeamTransformation_VirtualImage.pdf Graphic file (type pdf)
<use GaussianBeamTransformation_VirtualImage.pdf>
Package pdftex.def Info: GaussianBeamTransformation_VirtualImage.pdf  used on input line 293.
(pdftex.def)             Requested size: 258.0pt x 101.8959pt.

Overfull \hbox (6.0pt too wide) in paragraph at lines 293--294
 [][] 
 []

\c@mycounter1=\count383
[4 <./3DSnellLaw.pdf> <./GaussianBeamTransformation_VirtualImage.pdf>]

LaTeX Warning: Reference `sub@Fig:AP_b' on page 5 undefined on input line 397.

<DV_1.pdf, id=605, 562.1pt x 421.575pt>
File: DV_1.pdf Graphic file (type pdf)
<use DV_1.pdf>
Package pdftex.def Info: DV_1.pdf  used on input line 472.
(pdftex.def)             Requested size: 154.80157pt x 116.0975pt.
<DV_2.pdf, id=606, 562.1pt x 421.575pt>
File: DV_2.pdf Graphic file (type pdf)
<use DV_2.pdf>
Package pdftex.def Info: DV_2.pdf  used on input line 473.
(pdftex.def)             Requested size: 154.80157pt x 116.0975pt.
<DV_3.pdf, id=607, 562.1pt x 421.575pt>
File: DV_3.pdf Graphic file (type pdf)
<use DV_3.pdf>
Package pdftex.def Info: DV_3.pdf  used on input line 474.
(pdftex.def)             Requested size: 154.80157pt x 116.0975pt.
<DV_4.pdf, id=608, 562.1pt x 421.575pt>
File: DV_4.pdf Graphic file (type pdf)
<use DV_4.pdf>
Package pdftex.def Info: DV_4.pdf  used on input line 480.
(pdftex.def)             Requested size: 154.80157pt x 116.0975pt.
<DV_5.pdf, id=609, 562.1pt x 421.575pt>
File: DV_5.pdf Graphic file (type pdf)
<use DV_5.pdf>
Package pdftex.def Info: DV_5.pdf  used on input line 481.
(pdftex.def)             Requested size: 154.80157pt x 116.0975pt.
<DV_6.pdf, id=610, 562.1pt x 421.575pt>
File: DV_6.pdf Graphic file (type pdf)
<use DV_6.pdf>
Package pdftex.def Info: DV_6.pdf  used on input line 482.
(pdftex.def)             Requested size: 154.80157pt x 116.0975pt.
LaTeX Font Info:    Trying to load font information for TS1+ptm on input line 492.
(c:/texlive/2026/texmf-dist/tex/latex/psnfss/ts1ptm.fd
File: ts1ptm.fd 2001/06/04 font definitions for TS1/ptm.
) [5]

LaTeX Warning: Reference `sub@Fig:LensParameters2_a' on page 6 undefined on input line 494.


LaTeX Warning: Reference `sub@Fig:AP_a' on page 6 undefined on input line 494.


LaTeX Warning: Reference `sub@Fig:AP_Coverage_Analytical' on page 6 undefined on input line 494.


LaTeX Warning: Reference `sub@Fig:AP_Coverage_Zemax' on page 6 undefined on input line 494.

<AP_MATLAB_v1.pdf, id=646, 422.57875pt x 317.185pt>
File: AP_MATLAB_v1.pdf Graphic file (type pdf)
<use AP_MATLAB_v1.pdf>
Package pdftex.def Info: AP_MATLAB_v1.pdf  used on input line 505.
(pdftex.def)             Requested size: 120.95892pt x 90.79068pt.
<AP_Zemax_v1.pdf, id=647, 422.57875pt x 317.185pt>
File: AP_Zemax_v1.pdf Graphic file (type pdf)
<use AP_Zemax_v1.pdf>
Package pdftex.def Info: AP_Zemax_v1.pdf  used on input line 507.
(pdftex.def)             Requested size: 120.95892pt x 90.79068pt.
Package acronym Info: Label `acro:IBI' newly defined as it shall be overridden
although it is yet undefined on input line 514.
Package acronym Info: Label `acro:CoMP' newly defined as it shall be overridden
although it is yet undefined on input line 514.
[6 <./DV_1.pdf> <./DV_2.pdf> <./DV_3.pdf> <./DV_4.pdf> <./DV_5.pdf> <./DV_6.pdf> <./AP_MATLAB_v1.pdf> <./AP_Zemax_v1.pdf>]
Package acronym Info: Label `acro:ICI' newly defined as it shall be overridden
although it is yet undefined on input line 518.
Package acronym Info: Label `acro:IM{/}DD' newly defined as it shall be overridden
although it is yet undefined on input line 528.
<ADR_Downlink.pdf, id=719, 632.3625pt x 606.265pt>
File: ADR_Downlink.pdf Graphic file (type pdf)
<use ADR_Downlink.pdf>
Package pdftex.def Info: ADR_Downlink.pdf  used on input line 532.
(pdftex.def)             Requested size: 206.39685pt x 197.87561pt.
Package acronym Info: Label `acro:FOV' newly defined as it shall be overridden
although it is yet undefined on input line 539.
Package acronym Info: Label `acro:EGC' newly defined as it shall be overridden
although it is yet undefined on input line 539.
Package acronym Info: Label `acro:FF' newly defined as it shall be overridden
although it is yet undefined on input line 544.
 [7 <./ADR_Downlink.pdf>]
LaTeX Font Info:    Trying to load font information for U+dsrom on input line 577.
 (c:/texlive/2026/texmf-dist/tex/latex/doublestroke/Udsrom.fd
File: Udsrom.fd 1995/08/01 v0.1 Double stroke roman font definitions
)
Package acronym Info: Label `acro:DC' newly defined as it shall be overridden
although it is yet undefined on input line 581.
Package acronym Info: Label `acro:PSD' newly defined as it shall be overridden
although it is yet undefined on input line 606.
Package acronym Info: Label `acro:RIN' newly defined as it shall be overridden
although it is yet undefined on input line 616.
Package acronym Info: Label `acro:DCO{-}OFDM' newly defined as it shall be overridden
although it is yet undefined on input line 622.
Package acronym Info: Label `acro:FFT' newly defined as it shall be overridden
although it is yet undefined on input line 622.
Package acronym Info: Label `acro:QAM' newly defined as it shall be overridden
although it is yet undefined on input line 622.
Package acronym Info: Label `acro:OFDM' newly defined as it shall be overridden
although it is yet undefined on input line 625.
Package acronym Info: Label `acro:SIC' newly defined as it shall be overridden
although it is yet undefined on input line 625.
\c@mytempeqncnt1=\count384
\c@mytempeqncnt2=\count385
Package acronym Info: Label `acro:MUI' newly defined as it shall be overridden
although it is yet undefined on input line 693.
 [8]
Package acronym Info: Label `acro:AWGN' newly defined as it shall be overridden
although it is yet undefined on input line 718.
 [9]
<S0.pdf, id=836, 562.1pt x 421.575pt>
File: S0.pdf Graphic file (type pdf)
<use S0.pdf>
Package pdftex.def Info: S0.pdf  used on input line 756.
(pdftex.def)             Requested size: 154.80157pt x 116.0975pt.
<S0-SINR-Rx1.pdf, id=837, 562.1pt x 421.575pt>
File: S0-SINR-Rx1.pdf Graphic file (type pdf)
<use S0-SINR-Rx1.pdf>
Package pdftex.def Info: S0-SINR-Rx1.pdf  used on input line 757.
(pdftex.def)             Requested size: 149.63654pt x 112.22502pt.
<S0-Rate-Rx1.pdf, id=838, 562.1pt x 421.575pt>
File: S0-Rate-Rx1.pdf Graphic file (type pdf)
<use S0-Rate-Rx1.pdf>
Package pdftex.def Info: S0-Rate-Rx1.pdf  used on input line 758.
(pdftex.def)             Requested size: 149.63654pt x 112.22502pt.
Package acronym Info: Label `acro:IEC' newly defined as it shall be overridden
although it is yet undefined on input line 765.
Package acronym Info: Label `acro:ANSI' newly defined as it shall be overridden
although it is yet undefined on input line 765.
Package acronym Info: Label `acro:SDMA' newly defined as it shall be overridden
although it is yet undefined on input line 770.


LaTeX Warning: Reference `sub@Fig:6_NoClustering_a' on page 10 undefined on input line 770.


LaTeX Warning: Reference `sub@Fig:6_NoClustering_b' on page 10 undefined on input line 770.


LaTeX Warning: Reference `sub@Fig:6_NoClustering_c' on page 10 undefined on input line 770.

<S1.pdf, id=847, 562.1pt x 421.575pt>
File: S1.pdf Graphic file (type pdf)
<use S1.pdf>
Package pdftex.def Info: S1.pdf  used on input line 808.
(pdftex.def)             Requested size: 153.10703pt x 114.83533pt.
<S1-SINR-Rx1.pdf, id=848, 562.1pt x 421.575pt>
File: S1-SINR-Rx1.pdf Graphic file (type pdf)
<use S1-SINR-Rx1.pdf>
Package pdftex.def Info: S1-SINR-Rx1.pdf  used on input line 808.
(pdftex.def)             Requested size: 153.10703pt x 114.83533pt.
<S1-Rate-Rx1.pdf, id=849, 562.1pt x 421.575pt>
File: S1-Rate-Rx1.pdf Graphic file (type pdf)
<use S1-Rate-Rx1.pdf>
Package pdftex.def Info: S1-Rate-Rx1.pdf  used on input line 808.
(pdftex.def)             Requested size: 153.10703pt x 114.83533pt.
<S2.pdf, id=850, 562.1pt x 421.575pt>
File: S2.pdf Graphic file (type pdf)
<use S2.pdf>
Package pdftex.def Info: S2.pdf  used on input line 816.
(pdftex.def)             Requested size: 153.10703pt x 114.83533pt.
<S2-SINR-Rx1.pdf, id=851, 562.1pt x 421.575pt>
File: S2-SINR-Rx1.pdf Graphic file (type pdf)
<use S2-SINR-Rx1.pdf>
Package pdftex.def Info: S2-SINR-Rx1.pdf  used on input line 816.
(pdftex.def)             Requested size: 153.10703pt x 114.83533pt.
<S2-Rate-Rx1.pdf, id=852, 562.1pt x 421.575pt>
File: S2-Rate-Rx1.pdf Graphic file (type pdf)
<use S2-Rate-Rx1.pdf>
Package pdftex.def Info: S2-Rate-Rx1.pdf  used on input line 816.
(pdftex.def)             Requested size: 153.10703pt x 114.83533pt.
<S3.pdf, id=853, 562.1pt x 421.575pt>
File: S3.pdf Graphic file (type pdf)
<use S3.pdf>
Package pdftex.def Info: S3.pdf  used on input line 824.
(pdftex.def)             Requested size: 153.10703pt x 114.83533pt.
<S3-SINR-Rx1.pdf, id=854, 562.1pt x 421.575pt>
File: S3-SINR-Rx1.pdf Graphic file (type pdf)
<use S3-SINR-Rx1.pdf>
Package pdftex.def Info: S3-SINR-Rx1.pdf  used on input line 824.
(pdftex.def)             Requested size: 153.10703pt x 114.83533pt.
<S3-Rate-Rx1.pdf, id=855, 562.1pt x 421.575pt>
File: S3-Rate-Rx1.pdf Graphic file (type pdf)
<use S3-Rate-Rx1.pdf>
Package pdftex.def Info: S3-Rate-Rx1.pdf  used on input line 824.
(pdftex.def)             Requested size: 153.10703pt x 114.83533pt.
<S4.pdf, id=856, 562.1pt x 421.575pt>
File: S4.pdf Graphic file (type pdf)
<use S4.pdf>
Package pdftex.def Info: S4.pdf  used on input line 832.
(pdftex.def)             Requested size: 153.10703pt x 114.83533pt.
<S4-SINR-Rx1.pdf, id=857, 562.1pt x 421.575pt>
File: S4-SINR-Rx1.pdf Graphic file (type pdf)
<use S4-SINR-Rx1.pdf>
Package pdftex.def Info: S4-SINR-Rx1.pdf  used on input line 832.
(pdftex.def)             Requested size: 153.10703pt x 114.83533pt.
<S4-Rate-Rx1.pdf, id=858, 562.1pt x 421.575pt>
File: S4-Rate-Rx1.pdf Graphic file (type pdf)
<use S4-Rate-Rx1.pdf>
Package pdftex.def Info: S4-Rate-Rx1.pdf  used on input line 832.
(pdftex.def)             Requested size: 153.10703pt x 114.83533pt.

LaTeX Warning: Reference `sub@Fig:6_Scenarios_a' on page 10 undefined on input line 838.


LaTeX Warning: Reference `sub@Fig:6_Scenarios_b' on page 10 undefined on input line 838.


LaTeX Warning: Reference `sub@Fig:6_Scenarios_c' on page 10 undefined on input line 838.


LaTeX Warning: Reference `sub@Fig:6_Scenarios_d' on page 10 undefined on input line 838.


LaTeX Warning: Reference `sub@Fig:6_Scenarios_c' on page 10 undefined on input line 840.


LaTeX Warning: Reference `sub@Fig:6_Scenarios_d' on page 10 undefined on input line 840.

[10]
<CDF_SumRate_NOMA_Rx1_n10.pdf, id=874, 563.10374pt x 422.57875pt>
File: CDF_SumRate_NOMA_Rx1_n10.pdf Graphic file (type pdf)
<use CDF_SumRate_NOMA_Rx1_n10.pdf>
Package pdftex.def Info: CDF_SumRate_NOMA_Rx1_n10.pdf  used on input line 848.
(pdftex.def)             Requested size: 154.80157pt x 116.1676pt.
<CDF_SumRate_OFDMA_Rx1_n10.pdf, id=875, 563.10374pt x 422.57875pt>
File: CDF_SumRate_OFDMA_Rx1_n10.pdf Graphic file (type pdf)
<use CDF_SumRate_OFDMA_Rx1_n10.pdf>
Package pdftex.def Info: CDF_SumRate_OFDMA_Rx1_n10.pdf  used on input line 849.
(pdftex.def)             Requested size: 154.80157pt x 116.1676pt.
<CDF_J_NOMA_Rx1_n10.pdf, id=876, 563.10374pt x 422.57875pt>
File: CDF_J_NOMA_Rx1_n10.pdf Graphic file (type pdf)
<use CDF_J_NOMA_Rx1_n10.pdf>
Package pdftex.def Info: CDF_J_NOMA_Rx1_n10.pdf  used on input line 855.
(pdftex.def)             Requested size: 154.80157pt x 116.1676pt.
<CDF_J_OFDMA_Rx1_n10.pdf, id=877, 563.10374pt x 422.57875pt>
File: CDF_J_OFDMA_Rx1_n10.pdf Graphic file (type pdf)
<use CDF_J_OFDMA_Rx1_n10.pdf>
Package pdftex.def Info: CDF_J_OFDMA_Rx1_n10.pdf  used on input line 856.
(pdftex.def)             Requested size: 154.80157pt x 116.1676pt.
<R_UserDensity_Rx1.pdf, id=878, 562.1pt x 421.575pt>
File: R_UserDensity_Rx1.pdf Graphic file (type pdf)
<use R_UserDensity_Rx1.pdf>
Package pdftex.def Info: R_UserDensity_Rx1.pdf  used on input line 862.
(pdftex.def)             Requested size: 154.80157pt x 116.0975pt.
<J_UserDensity_Rx1.pdf, id=879, 562.1pt x 421.575pt>
File: J_UserDensity_Rx1.pdf Graphic file (type pdf)
<use J_UserDensity_Rx1.pdf>
Package pdftex.def Info: J_UserDensity_Rx1.pdf  used on input line 863.
(pdftex.def)             Requested size: 154.80157pt x 116.0975pt.
Package acronym Info: Label `acro:CDF' newly defined as it shall be overridden
although it is yet undefined on input line 875.


LaTeX Warning: Reference `sub@Fig:6_CDF1_10_SumRate_a' on page 11 undefined on input line 875.


LaTeX Warning: Reference `sub@Fig:6_CDF1_10_SumRate_b' on page 11 undefined on input line 875.


LaTeX Warning: Reference `sub@Fig:6_CDF1_10_Fairness_a' on page 11 undefined on input line 877.


LaTeX Warning: Reference `sub@Fig:6_AvgPerformance1_a' on page 11 undefined on input line 886.


LaTeX Warning: Reference `sub@Fig:6_AvgPerformance1_b' on page 11 undefined on input line 888.

[11 <./S0.pdf> <./S0-SINR-Rx1.pdf> <./S0-Rate-Rx1.pdf>]
Underfull \vbox (badness 10000) has occurred while \output is active []

 [12 <./S1.pdf> <./S1-SINR-Rx1.pdf> <./S1-Rate-Rx1.pdf> <./S2.pdf> <./S2-SINR-Rx1.pdf> <./S2-Rate-Rx1.pdf> <./S3.pdf> <./S3-SINR-Rx1.pdf> <./S3-Rate-Rx1.pdf> <./S4.pdf> <./S4-SINR-Rx1.pdf> <./S4-Rate-Rx1.pdf>]

Package hyperref Warning: Token not allowed in a PDF string (Unicode):
(hyperref)                removing `\hbox' on input line 906.


Package hyperref Warning: Token not allowed in a PDF string (Unicode):
(hyperref)                removing `\mathsurround' on input line 906.


Package hyperref Warning: Token not allowed in a PDF string (Unicode):
(hyperref)                removing `\z@' on input line 906.


Package hyperref Warning: Token not allowed in a PDF string (Unicode):
(hyperref)                removing `\unskip' on input line 906.


Package hyperref Warning: Token not allowed in a PDF string (Unicode):
(hyperref)                removing `\@@italiccorr' on input line 906.


LaTeX Warning: Reference `sub@Fig:VectorDecomposition' on page 13 undefined on input line 907.


LaTeX Warning: Reference `sub@Fig:VectorDecomposition' on page 13 undefined on input line 914.

<VectorDecomposition.pdf, id=1003, 196.735pt x 190.7125pt>
File: VectorDecomposition.pdf Graphic file (type pdf)
<use VectorDecomposition.pdf>
Package pdftex.def Info: VectorDecomposition.pdf  used on input line 950.
(pdftex.def)             Requested size: 126.0pt x 122.14287pt.
<Law_of_Refraction.pdf, id=1004, 148.555pt x 110.4125pt>
File: Law_of_Refraction.pdf Graphic file (type pdf)
<use Law_of_Refraction.pdf>
Package pdftex.def Info: Law_of_Refraction.pdf  used on input line 952.
(pdftex.def)             Requested size: 100.79846pt x 74.92113pt.

LaTeX Warning: Reference `sub@Fig:Law_of_Refraction' on page 13 undefined on input line 960.

[13 <./CDF_SumRate_NOMA_Rx1_n10.pdf> <./CDF_SumRate_OFDMA_Rx1_n10.pdf> <./CDF_J_NOMA_Rx1_n10.pdf> <./CDF_J_OFDMA_Rx1_n10.pdf> <./R_UserDensity_Rx1.pdf> <./J_UserDensity_Rx1.pdf> <./VectorDecomposition.pdf> <./Law_of_Refraction.pdf>]

LaTeX Warning: Reference `sub@Fig:Law_of_Refraction' on page 14 undefined on input line 970.

(c:/Users/Owner/Documents/UVSQ/simulation_VLP/Grid_of_Beams/A Novel Terabit Grid-of-Beam Optical/build/Hossein_TCOM_Final_arXiv.bbl
Underfull \hbox (badness 7981) in paragraph at lines 79--81
[]\OT1/ptm/m/n/8 Edmund Op-tics, ``Un-der-stand-ing Op-tical Lens
 []


Underfull \hbox (badness 3780) in paragraph at lines 79--81
\OT1/ptm/m/n/8 Ge-ome-tries,'' \OT1/ptm/m/it/8 Ap-pli-ca-tion Note\OT1/ptm/m/n/8 . [On-line]. Avail-able:
 []


Underfull \hbox (badness 10000) in paragraph at lines 79--81
[]$\OT1/ptm/m/n/8 https : / / www . edmundoptics . com / knowledge-[]center / application-[]notes /
 []

[14])
<Hossein.jpg, id=1159, 118.917pt x 142.569pt>
File: Hossein.jpg Graphic file (type jpg)
<use Hossein.jpg>
Package pdftex.def Info: Hossein.jpg  used on input line 1049.
(pdftex.def)             Requested size: 72.2707pt x 86.64499pt.
File: Hossein.jpg Graphic file (type jpg)
<use Hossein.jpg>
Package pdftex.def Info: Hossein.jpg  used on input line 1049.
(pdftex.def)             Requested size: 72.2707pt x 86.64499pt.
<Elham.jpg, id=1162, 391.4625pt x 489.32813pt>
File: Elham.jpg Graphic file (type jpg)
<use Elham.jpg>
Package pdftex.def Info: Elham.jpg  used on input line 1055.
(pdftex.def)             Requested size: 72.2701pt x 90.33762pt.
File: Elham.jpg Graphic file (type jpg)
<use Elham.jpg>
Package pdftex.def Info: Elham.jpg  used on input line 1055.
(pdftex.def)             Requested size: 72.2701pt x 90.33762pt.
<Michael.jpg, id=1165, 112.9821pt x 154.176pt>
File: Michael.jpg Graphic file (type jpg)
<use Michael.jpg>
Package pdftex.def Info: Michael.jpg  used on input line 1060.
(pdftex.def)             Requested size: 66.202pt x 90.33961pt.
File: Michael.jpg Graphic file (type jpg)
<use Michael.jpg>
Package pdftex.def Info: Michael.jpg  used on input line 1060.
(pdftex.def)             Requested size: 66.202pt x 90.33961pt.
<Taisir.jpg, id=1168, 225.84375pt x 290.58563pt>
File: Taisir.jpg Graphic file (type jpg)
<use Taisir.jpg>
Package pdftex.def Info: Taisir.jpg  used on input line 1066.
(pdftex.def)             Requested size: 70.21071pt x 90.33778pt.
File: Taisir.jpg Graphic file (type jpg)
<use Taisir.jpg>
Package pdftex.def Info: Taisir.jpg  used on input line 1066.
(pdftex.def)             Requested size: 70.21071pt x 90.33778pt.
<Jaafar.jpg, id=1171, 134.00063pt x 148.30406pt>
File: Jaafar.jpg Graphic file (type jpg)
<use Jaafar.jpg>
Package pdftex.def Info: Jaafar.jpg  used on input line 1072.
(pdftex.def)             Requested size: 72.26927pt x 79.98341pt.
File: Jaafar.jpg Graphic file (type jpg)
<use Jaafar.jpg>
Package pdftex.def Info: Jaafar.jpg  used on input line 1072.
(pdftex.def)             Requested size: 72.26927pt x 79.98341pt.
 [15 <./Hossein.jpg> <./Elham.jpg> <./Michael.jpg> <./Taisir.jpg>]
<Richard.jpg, id=1183, 208.78pt x 260.975pt>
File: Richard.jpg Graphic file (type jpg)
<use Richard.jpg>
Package pdftex.def Info: Richard.jpg  used on input line 1078.
(pdftex.def)             Requested size: 72.27127pt x 90.33911pt.
File: Richard.jpg Graphic file (type jpg)
<use Richard.jpg>
Package pdftex.def Info: Richard.jpg  used on input line 1078.
(pdftex.def)             Requested size: 72.27127pt x 90.33911pt.
<Ian.jpg, id=1186, 368.37625pt x 449.68pt>
File: Ian.jpg Graphic file (type jpg)
<use Ian.jpg>
Package pdftex.def Info: Ian.jpg  used on input line 1084.
(pdftex.def)             Requested size: 72.26869pt x 88.21901pt.
File: Ian.jpg Graphic file (type jpg)
<use Ian.jpg>
Package pdftex.def Info: Ian.jpg  used on input line 1084.
(pdftex.def)             Requested size: 72.26869pt x 88.21901pt.
<Majid.jpg, id=1189, 848.2089pt x 1004.0712pt>
File: Majid.jpg Graphic file (type jpg)
<use Majid.jpg>
Package pdftex.def Info: Majid.jpg  used on input line 1090.
(pdftex.def)             Requested size: 72.25858pt x 85.53642pt.
File: Majid.jpg Graphic file (type jpg)
<use Majid.jpg>
Package pdftex.def Info: Majid.jpg  used on input line 1090.
(pdftex.def)             Requested size: 72.25858pt x 85.53642pt.
<Harald.jpg, id=1192, 388.45125pt x 511.9125pt>
File: Harald.jpg Graphic file (type jpg)
<use Harald.jpg>
Package pdftex.def Info: Harald.jpg  used on input line 1096.
(pdftex.def)             Requested size: 68.549pt x 90.33589pt.
File: Harald.jpg Graphic file (type jpg)
<use Harald.jpg>
Package pdftex.def Info: Harald.jpg  used on input line 1096.
(pdftex.def)             Requested size: 68.549pt x 90.33589pt.
 [16 <./Jaafar.jpg> <./Richard.jpg> <./Ian.jpg> <./Majid.jpg> <./Harald.jpg>] (c:/Users/Owner/Documents/UVSQ/simulation_VLP/Grid_of_Beams/A Novel Terabit Grid-of-Beam Optical/build/Hossein_TCOM_Final_arXiv.aux)
 ***********
LaTeX2e <2025-11-01>
L3 programming layer <2026-01-19>
 ***********


LaTeX Warning: There were undefined references.

Package rerunfilecheck Info: File `Hossein_TCOM_Final_arXiv.out' has not changed.
(rerunfilecheck)             Checksum: 86C08B8347C534CF185BCB25E5522CE5;6112.
 ) 
Here is how much of TeX's memory you used:
 23072 strings out of 467525
 395608 string characters out of 5423209
 844954 words of memory out of 5000000
 51362 multiletter control sequences out of 15000+600000
 675330 words of font info for 139 fonts, out of 8000000 for 9000
 1144 hyphenation exceptions out of 8191
 90i,17n,90p,3383b,666s stack positions out of 10000i,1000n,20000p,200000b,200000s
<c:/texlive/2026/texmf-dist/fonts/type1/public/amsfonts/cm/cmbx10.pfb><c:/texlive/2026/texmf-dist/fonts/type1/public/amsfonts/cm/cmbx8.pfb><c:/texlive/2026/texmf-dist/fonts/type1/public/amsfonts/cm/cmex10.pfb><c:/texlive/2026/texmf-dist/fonts/type1/public/amsfonts/cm/cmmi10.pfb><c:/texlive/2026/texmf-dist/fonts/type1/public/amsfonts/cm/cmmi12.pfb><c:/texlive/2026/texmf-dist/fonts/type1/public/amsfonts/cm/cmmi5.pfb><c:/texlive/2026/texmf-dist/fonts/type1/public/amsfonts/cm/cmmi6.pfb><c:/texlive/2026/texmf-dist/fonts/type1/public/amsfonts/cm/cmmi7.pfb><c:/texlive/2026/texmf-dist/fonts/type1/public/amsfonts/cm/cmmi8.pfb><c:/texlive/2026/texmf-dist/fonts/type1/public/amsfonts/cm/cmr10.pfb><c:/texlive/2026/texmf-dist/fonts/type1/public/amsfonts/cm/cmr17.pfb><c:/texlive/2026/texmf-dist/fonts/type1/public/amsfonts/cm/cmr5.pfb><c:/texlive/2026/texmf-dist/fonts/type1/public/amsfonts/cm/cmr6.pfb><c:/texlive/2026/texmf-dist/fonts/type1/public/amsfonts/cm/cmr7.pfb><c:/texlive/2026/texmf-dist/fonts/type1/public/amsfonts/cm/cmr8.pfb><c:/texlive/2026/texmf-dist/fonts/type1/public/amsfonts/cm/cmr9.pfb><c:/texlive/2026/texmf-dist/fonts/type1/public/amsfonts/cm/cmss10.pfb><c:/texlive/2026/texmf-dist/fonts/type1/public/amsfonts/cm/cmsy10.pfb><c:/texlive/2026/texmf-dist/fonts/type1/public/amsfonts/cm/cmsy6.pfb><c:/texlive/2026/texmf-dist/fonts/type1/public/amsfonts/cm/cmsy7.pfb><c:/texlive/2026/texmf-dist/fonts/type1/public/amsfonts/cm/cmsy8.pfb><c:/texlive/2026/texmf-dist/fonts/type1/public/doublestroke/dsrom10.pfb><c:/texlive/2026/texmf-dist/fonts/type1/public/amsfonts/symbols/msam10.pfb><c:/texlive/2026/texmf-dist/fonts/type1/public/amsfonts/symbols/msbm10.pfb><c:/texlive/2026/texmf-dist/fonts/type1/urw/times/utmb8a.pfb><c:/texlive/2026/texmf-dist/fonts/type1/urw/times/utmbi8a.pfb><c:/texlive/2026/texmf-dist/fonts/type1/urw/times/utmr8a.pfb><c:/texlive/2026/texmf-dist/fonts/type1/urw/times/utmri8a.pfb>
Output written on "c:/Users/Owner/Documents/UVSQ/simulation_VLP/Grid_of_Beams/A Novel Terabit Grid-of-Beam Optical/build/Hossein_TCOM_Final_arXiv.pdf" (16 pages, 8760614 bytes).
PDF statistics:
 1359 PDF objects out of 1440 (max. 8388607)
 828 compressed objects within 9 object streams
 213 named destinations out of 1000 (max. 500000)
 611 words of extra memory for PDF output out of 10000 (max. 10000000)

